Microchip MPLAB XC8 Compiler V2.20

Linker command line:

-W-3 --edf=C:\Program Files (x86)\Microchip\xc8\v2.20\pic\dat\en_msgs.txt \
  -cn -h+dist/default/production\Water_Heater.X.production.sym \
  --cmf=dist/default/production\Water_Heater.X.production.cmf -z -Q16F877A \
  -oC:\Users\ABDALA~1\AppData\Local\Temp\s9s4.2 --defsym=__MPLAB_BUILD=1 \
  -Mdist/default/production/Water_Heater.X.production.map -E1 \
  -ver=XC8 Compiler --acfsm=1493 -ASTACK=0110h-016Fh -pstack=STACK \
  -ACODE=00h-07FFhx4 -ASTRCODE=00h-01FFFh -ASTRING=00h-0FFhx32 \
  -ACONST=00h-0FFhx32 -AENTRY=00h-0FFhx32 -ACOMMON=070h-07Fh \
  -ABANK0=020h-06Fh -ABANK1=0A0h-0EFh -ABANK2=0110h-016Fh \
  -ABANK3=0190h-01EFh -ARAM=020h-06Fh,0A0h-0EFh,0110h-016Fh,0190h-01EFh \
  -AABS1=020h-07Fh,0A0h-0EFh,0110h-016Fh,0190h-01EFh -ASFR0=00h-01Fh \
  -ASFR1=080h-09Fh -ASFR2=0100h-010Fh -ASFR3=0180h-018Fh \
  -ACONFIG=02007h-02007h -DCONFIG=2 -AIDLOC=02000h-02003h -DIDLOC=2 \
  -preset_vec=00h,intentry=04h,init,end_init -ppowerup=CODE -pcinit=CODE \
  -pfunctab=ENTRY -AEEDATA=00h-0FFh/02100h -peeprom_data=EEDATA -DEEDATA=2 \
  -DCODE=2 -DSTRCODE=2 -DSTRING=2 -DCONST=2 -DENTRY=2 -k \
  C:\Users\ABDALA~1\AppData\Local\Temp\s9s4.o \
  dist/default/production\Water_Heater.X.production.o 

Object code version is 3.11

Machine type is 16F877A



                Name                               Link     Load   Length Selector   Space Scale
C:\Users\ABDALA~1\AppData\Local\Temp\s9s4.o
                end_init                             12       12        3        8       0
                reset_vec                             0        0        3        0       0
                config                             2007     2007        1        0       4
dist/default/production\Water_Heater.X.production.o
                cinit                                15       15       2D        8       0
                functab                              42       42        F       84       0
                intentry                              4        4        E        8       0
                config                             2007     2007        1        0       4
                text52                              8E1      8E1       17     11C2       0
                text51                              CD3      CD3       56     19A6       0
                text50                              8A2      8A2       15     1144       0
                text49                              EA5      EA5       68     1D4A       0
                text48                              E3F      E3F       66     1C7E       0
                text47                              A78      A78       2C     14F0       0
                text46                              98D      98D       24     131A       0
                text45                              7E5      7E5       1B       A2       0
                text44                             17F7     17F7        9     2FEE       0
                text43                              84F      84F        F     109E       0
                text42                              94A      94A       21     1294       0
                text41                              822      822        A     1044       0
                text40                              D84      D84       5D     1B08       0
                text39                              8B7      8B7       15     116E       0
                text38                              8CC      8CC       15     1198       0
                text37                              C3E      C3E       47     187C       0
                text36                              AA4      AA4       35     1548       0
                text35                              D29      D29       5B     1A52       0
                text34                              BFA      BFA       44     17F4       0
                text33                             17E5     17E5        4     2FCA       0
                text32                             17E9     17E9        6     2FD2       0
                text31                              842      842        D     1084       0
                text30                              96B      96B       22     12D6       0
                text29                              85E      85E       10     10BC       0
                text28                              9B1      9B1       24     1362       0
                text27                              9D5      9D5       27     13AA       0
                text26                              B83      B83       3B     1706       0
                text25                              F0D      F0D       69     1E1A       0
                text24                              517      517      100       A2       0
                text23                              F76      F76       8A     1EEC       0
                text22                              BBE      BBE       3C     177C       0
                text21                              74D      74D       98       A2       0
                text20                              9FC      9FC       29     13F8       0
                text19                               51       51      3BB       A2       0
                text18                              617      617       9E       A2       0
                text17                              40C      40C      10B       A2       0
                text16                              6B5      6B5       98       A2       0
                text15                              819      819        9     1032       0
                text14                              90F      90F       1C     121E       0
                text13                              A4E      A4E       2A     149C       0
                text12                              AD9      AD9       37     15B2       0
                text11                              C85      C85       4E     190A       0
                text10                              A25      A25       29     144A       0
                text9                               DE1      DE1       5E     1BC2       0
                text8                               92B      92B       1F     1256       0
                text7                               88E      88E       14     111C       0
                text6                               86E      86E       10     10DC       0
                text5                               82C      82C        B     1058       0
                text4                               837      837        B     106E       0
                text3                               8F8      8F8       17     11F0       0
                text2                               B10      B10       39     1620       0
                text1                               87E      87E       10     10FC       0
                maintext                            B49      B49       3A     1692       0
                cstackBANK0                          20       20       23       20       1
                cstackCOMMON                         70       70        E       70       1
                cstackBANK1                          CF       CF       21       A0       1
                cstackBANK3                         190      190        B      190       1
                clrtext                            17EF     17EF        8     2FDE       0
                bssBANK1                             A0       A0       2F       A0       1
                dataBANK0                            56       56        4       20       1
                bssBANK0                             43       43       13       20       1
                strings                             800      800       15     1000       0
                idataBANK0                          815      815        4     102A       0

TOTAL           Name                               Link     Load   Length     Space
        CLASS   STACK          

        CLASS   CODE           
                end_init                             12       12        3         0
                cinit                                15       15       2D         0
                intentry                              4        4        E         0
                reset_vec                             0        0        3         0
                text52                              8E1      8E1       17         0
                text51                              CD3      CD3       56         0
                text50                              8A2      8A2       15         0
                text49                              EA5      EA5       68         0
                text48                              E3F      E3F       66         0
                text47                              A78      A78       2C         0
                text46                              98D      98D       24         0
                text45                              7E5      7E5       1B         0
                text44                             17F7     17F7        9         0
                text43                              84F      84F        F         0
                text42                              94A      94A       21         0
                text41                              822      822        A         0
                text40                              D84      D84       5D         0
                text39                              8B7      8B7       15         0
                text38                              8CC      8CC       15         0
                text37                              C3E      C3E       47         0
                text36                              AA4      AA4       35         0
                text35                              D29      D29       5B         0
                text34                              BFA      BFA       44         0
                text33                             17E5     17E5        4         0
                text32                             17E9     17E9        6         0
                text31                              842      842        D         0
                text30                              96B      96B       22         0
                text29                              85E      85E       10         0
                text28                              9B1      9B1       24         0
                text27                              9D5      9D5       27         0
                text26                              B83      B83       3B         0
                text25                              F0D      F0D       69         0
                text24                              517      517      100         0
                text23                              F76      F76       8A         0
                text22                              BBE      BBE       3C         0
                text21                              74D      74D       98         0
                text20                              9FC      9FC       29         0
                text19                               51       51      3BB         0
                text18                              617      617       9E         0
                text17                              40C      40C      10B         0
                text16                              6B5      6B5       98         0
                text15                              819      819        9         0
                text14                              90F      90F       1C         0
                text13                              A4E      A4E       2A         0
                text12                              AD9      AD9       37         0
                text11                              C85      C85       4E         0
                text10                              A25      A25       29         0
                text9                               DE1      DE1       5E         0
                text8                               92B      92B       1F         0
                text7                               88E      88E       14         0
                text6                               86E      86E       10         0
                text5                               82C      82C        B         0
                text4                               837      837        B         0
                text3                               8F8      8F8       17         0
                text2                               B10      B10       39         0
                text1                               87E      87E       10         0
                maintext                            B49      B49       3A         0
                clrtext                            17EF     17EF        8         0
                idataBANK0                          815      815        4         0

        CLASS   STRCODE        

        CLASS   STRING         
                strings                             800      800       15         0

        CLASS   CONST          

        CLASS   ENTRY          
                functab                              42       42        F         0

        CLASS   COMMON         
                cstackCOMMON                         70       70        E         1

        CLASS   BANK0          
                cstackBANK0                          20       20       23         1
                dataBANK0                            56       56        4         1
                bssBANK0                             43       43       13         1

        CLASS   BANK1          
                cstackBANK1                          CF       CF       21         1
                bssBANK1                             A0       A0       2F         1

        CLASS   BANK2          

        CLASS   BANK3          
                cstackBANK3                         190      190        B         1

        CLASS   RAM            

        CLASS   ABS1           
                abs_s1                               7E       7E        2         1

        CLASS   SFR0           

        CLASS   SFR1           

        CLASS   SFR2           

        CLASS   SFR3           

        CLASS   CONFIG         
                config                             2007     2007        1         4

        CLASS   IDLOC          

        CLASS   EEDATA         



SEGMENTS        Name                           Load    Length   Top    Selector   Space  Class     Delta

                reset_vec                      000000  000003  000003         0       0  CODE        2
                intentry                       000004  00003E  000042         8       0  CODE        2
                cstackBANK0                    000020  00003A  00005A        20       1  BANK0       1
                cstackCOMMON                   000070  00000E  00007E        70       1  COMMON      1
                functab                        000042  00000F  000051        84       0  ENTRY       2
                bssBANK1                       0000A0  000050  0000F0        A0       1  BANK1       1
                text19                         000051  0007AF  000800        A2       0  CODE        2
                cstackBANK3                    000190  00000B  00019B       190       1  BANK3       1
                strings                        000800  000015  000815      1000       0  STRING      2
                idataBANK0                     000815  000004  000819      102A       0  CODE        2
                text15                         000819  000009  000822      1032       0  CODE        2
                text41                         000822  00000A  00082C      1044       0  CODE        2
                text5                          00082C  00000B  000837      1058       0  CODE        2
                text4                          000837  00000B  000842      106E       0  CODE        2
                text31                         000842  00000D  00084F      1084       0  CODE        2
                text43                         00084F  00000F  00085E      109E       0  CODE        2
                text29                         00085E  000010  00086E      10BC       0  CODE        2
                text6                          00086E  000010  00087E      10DC       0  CODE        2
                text1                          00087E  000010  00088E      10FC       0  CODE        2
                text7                          00088E  000014  0008A2      111C       0  CODE        2
                text50                         0008A2  000015  0008B7      1144       0  CODE        2
                text39                         0008B7  000015  0008CC      116E       0  CODE        2
                text38                         0008CC  000015  0008E1      1198       0  CODE        2
                text52                         0008E1  000017  0008F8      11C2       0  CODE        2
                text3                          0008F8  000017  00090F      11F0       0  CODE        2
                text14                         00090F  00001C  00092B      121E       0  CODE        2
                text8                          00092B  00001F  00094A      1256       0  CODE        2
                text42                         00094A  000021  00096B      1294       0  CODE        2
                text30                         00096B  000022  00098D      12D6       0  CODE        2
                text46                         00098D  000024  0009B1      131A       0  CODE        2
                text28                         0009B1  000024  0009D5      1362       0  CODE        2
                text27                         0009D5  000027  0009FC      13AA       0  CODE        2
                text20                         0009FC  000029  000A25      13F8       0  CODE        2
                text10                         000A25  000029  000A4E      144A       0  CODE        2
                text13                         000A4E  00002A  000A78      149C       0  CODE        2
                text47                         000A78  00002C  000AA4      14F0       0  CODE        2
                text36                         000AA4  000035  000AD9      1548       0  CODE        2
                text12                         000AD9  000037  000B10      15B2       0  CODE        2
                text2                          000B10  000039  000B49      1620       0  CODE        2
                maintext                       000B49  00003A  000B83      1692       0  CODE        2
                text26                         000B83  00003B  000BBE      1706       0  CODE        2
                text22                         000BBE  00003C  000BFA      177C       0  CODE        2
                text34                         000BFA  000044  000C3E      17F4       0  CODE        2
                text37                         000C3E  000047  000C85      187C       0  CODE        2
                text11                         000C85  00004E  000CD3      190A       0  CODE        2
                text51                         000CD3  000056  000D29      19A6       0  CODE        2
                text35                         000D29  00005B  000D84      1A52       0  CODE        2
                text40                         000D84  00005D  000DE1      1B08       0  CODE        2
                text9                          000DE1  00005E  000E3F      1BC2       0  CODE        2
                text48                         000E3F  000066  000EA5      1C7E       0  CODE        2
                text49                         000EA5  000068  000F0D      1D4A       0  CODE        2
                text25                         000F0D  000069  000F76      1E1A       0  CODE        2
                text23                         000F76  00008A  001000      1EEC       0  CODE        2
                text33                         0017E5  000004  0017E9      2FCA       0  CODE        2
                text32                         0017E9  000006  0017EF      2FD2       0  CODE        2
                clrtext                        0017EF  000008  0017F7      2FDE       0  CODE        2
                text44                         0017F7  000009  001800      2FEE       0  CODE        2


UNUSED ADDRESS RANGES

        Name                Unused          Largest block    Delta
        BANK0            005A-006F             16           1
        BANK2            0110-016F             60           1
        BANK3            019B-01EF             55           1
        CODE             0003-0003              1           2
                         1000-17E4            7E5
                         1800-1FFF            800
        CONST            0003-0003              1           2
                         1000-17E4            100
                         1800-1FFF            100
        EEDATA           2100-21FF            100           2
        ENTRY            0003-0003              1           2
                         1000-17E4            100
                         1800-1FFF            100
        IDLOC            2000-2003              4           2
        RAM              005A-006F             16           1
                         0110-016F             60
                         019B-01EF             55
        SFR0             0000-001F             20           1
        SFR1             0080-009F             20           1
        SFR2             0100-010F             10           1
        SFR3             0180-018F             10           1
        STACK            0110-016F             60           1
        STRCODE          0003-0003              1           2
                         1000-17E4            7E5
                         1800-1FFF            800
        STRING           0003-0003              1           2
                         1000-17E4            100
                         1800-1FFF            100

                                  Symbol Table

?__Umul8_16                            cstackBANK0  0036
?___awdiv                              cstackBANK0  0036
?___awmod                              cstackBANK0  0036
?___flmul                              cstackBANK1  00D5
?___fltol                              cstackBANK0  003F
?___lldiv                              cstackBANK0  0036
?___llmod                              cstackBANK0  0025
?___lwmod                              cstackBANK0  0036
?___wmul                               cstackBANK0  0036
?___xxtofl                             cstackBANK0  0036
?i1___lldiv                            cstackCOMMON 0073
Average_Value@Avrage_Values            cstackBANK0  003F
Average_Value@Value                    cstackBANK0  0040
Average_Value@index                    cstackBANK0  0041
EEPROM_Read@addr                       cstackBANK0  003A
EEPROM_Read@ret                        cstackBANK0  003B
I2c_Read@ack                           cstackBANK0  0037
I2c_Read@i                             cstackBANK0  0039
I2c_Read@ret                           cstackBANK0  0038
I2c_Write@i                            cstackBANK0  0039
I2c_Write@val                          cstackBANK0  0038
LED_BLINKING@Counter                   dataBANK0    0058
LED_BLINKING@Task_Peroid               cstackBANK0  003E
LED_BLINKING@Time_Ms                   cstackBANK0  003C
SSD_Blink@Counter                      dataBANK0    0056
SSD_Blink@Task_Peroid                  cstackBANK0  003E
SSD_Blink@Times_Ms                     cstackBANK0  003C
SSD_MainFunction@Digit_1               bssBANK0     004C
SSD_MainFunction@Digit_2               bssBANK0     004B
SSD_MainFunction@Enable_Digit_Selector dataBANK0    0057
SSD_MainFunction@SSD                   bssBANK0     0049
SSD_MainFunction@Tempreture            bssBANK0     004A
Scheduler_ActivateTask@IntityIndex     cstackBANK0  0031
Scheduler_ActivateTask@SystemTick      cstackBANK0  002D
Scheduler_Start@IntityIndex            cstackBANK3  019A
Start_Setting_Timer@Peroid_Task        cstackBANK0  003E
Start_Setting_Timer@Timer_Ms           cstackBANK0  003C
Temperature_Calc@ADC_VALUE             cstackBANK1  00EF
_ADCON0bits                            (abs)        001F
_ADCON1bits                            (abs)        009F
_ADC_Conv_MainFunction                 text14       090F
_ADC_Info                              bssBANK0     0050
_ADC_Init                              text45       07E5
_ADC_Start_Conv                        text44       17F7
_ADC_Value_Ready_CallBack              text15       0819
_ADRESL                                (abs)        009E
_Average_Nvalues                       dataBANK0    0059
_Average_Value                         text21       074D
_Avrage_buffer                         bssBANK0     0043
_Buttons_MainFunction                  text28       09B1
_EEPROM_Data                           bssBANK0     004D
_EEPROM_Read                           text36       0AA4
_EEPROM_Write                          text8        092B
_EXTI_On_Off_CallBack                  text52       08E1
_Elements_Init                         text43       084F
_Elements_MainFunction                 text11       0C85
_Enable_SSD                            bssBANK0     004F
_GPIO_Init                             text42       094A
_Get_EEPROM_Data                       text34       0BFA
_I2c_Read                              text40       0D84
_I2c_Start                             text39       08B7
_I2c_Stop                              text38       08CC
_I2c_Write                             text37       0C3E
_INTCONbits                            (abs)        000B
_INTEDG                                (abs)        040E
_LED_BLINKING                          text13       0A4E
_LED_MainFunction                      text12       0AD9
_LED_Status                            bssBANK0     004E
_Mode                                  bssBANK0     0047
_Mode_Init                             text33       17E5
_Mode_MainFunction                     text9        0DE1
_OPTION_REGbits                        (abs)        0081
_On_Off_Init                           text32       17E9
_PORTA                                 (abs)        0005
_PORTB                                 (abs)        0006
_PORTC                                 (abs)        0007
_PORTCbits                             (abs)        0007
_PORTD                                 (abs)        0008
_SSD_Blink                             text26       0B83
_SSD_Init                              text31       0842
_SSD_MainFunction                      text24       0517
_Scheduler_ActivateTask                text48       0E3F
_Scheduler_ActivationFlags             bssBANK1     00CC
_Scheduler_Init                        text29       085E
_Scheduler_Intitys                     strings      0806
_Scheduler_Start                       text2        0B10
_Scheduler_Task1                       text5        082C
_Scheduler_Task2                       text4        0837
_Scheduler_Task3                       text6        086E
_Set_EEPROM_Data                       text7        088E
_Start_Setting_Timer                   text10       0A25
_TMR0                                  (abs)        0001
_TRISA                                 (abs)        0085
_TRISB                                 (abs)        0086
_TRISC                                 (abs)        0087
_TRISD                                 (abs)        0088
_Temperature                           bssBANK0     0051
_Temperature_Calc                      text16       06B5
_Tick_Num                              bssBANK1     00C8
_Timer0_CallBack                       text47       0A78
_Timer0_Init                           text1        087E
__Habs1                                abs1         0000
__Hbank0                               bank0        0000
__Hbank1                               bank1        0000
__Hbank2                               bank2        0000
__Hbank3                               bank3        0000
__HbssBANK0                            bssBANK0     0000
__HbssBANK1                            bssBANK1     0000
__Hcinit                               cinit        0042
__Hclrtext                             clrtext      0000
__Hcode                                code         0000
__Hcommon                              common       0000
__Hconfig                              config       2008
__HcstackBANK0                         cstackBANK0  0000
__HcstackBANK1                         cstackBANK1  0000
__HcstackBANK3                         cstackBANK3  0000
__HcstackCOMMON                        cstackCOMMON 0000
__HdataBANK0                           dataBANK0    0000
__Heeprom_data                         eeprom_data  0000
__Hend_init                            end_init     0015
__Hfunctab                             functab      0051
__HidataBANK0                          idataBANK0   0000
__Hinit                                init         0012
__Hintentry                            intentry     0012
__Hmaintext                            maintext     0000
__Hpowerup                             powerup      0000
__Hram                                 ram          0000
__Hreset_vec                           reset_vec    0003
__Hsfr0                                sfr0         0000
__Hsfr1                                sfr1         0000
__Hsfr2                                sfr2         0000
__Hsfr3                                sfr3         0000
__Hspace_0                             (abs)        1800
__Hspace_1                             (abs)        019B
__Hspace_2                             (abs)        0000
__Hspace_3                             (abs)        0000
__Hspace_4                             (abs)        400F
__Hstack                               stack        0000
__Hstrings                             strings      0000
__Htext                                text         0000
__Labs1                                abs1         0000
__Lbank0                               bank0        0000
__Lbank1                               bank1        0000
__Lbank2                               bank2        0000
__Lbank3                               bank3        0000
__LbssBANK0                            bssBANK0     0000
__LbssBANK1                            bssBANK1     0000
__Lcinit                               cinit        0015
__Lclrtext                             clrtext      0000
__Lcode                                code         0000
__Lcommon                              common       0000
__Lconfig                              config       0000
__LcstackBANK0                         cstackBANK0  0000
__LcstackBANK1                         cstackBANK1  0000
__LcstackBANK3                         cstackBANK3  0000
__LcstackCOMMON                        cstackCOMMON 0000
__LdataBANK0                           dataBANK0    0000
__Leeprom_data                         eeprom_data  0000
__Lend_init                            end_init     0012
__Lfunctab                             functab      0042
__LidataBANK0                          idataBANK0   0000
__Linit                                init         0012
__Lintentry                            intentry     0004
__Lmaintext                            maintext     0000
__Lpowerup                             powerup      0000
__Lram                                 ram          0000
__Lreset_vec                           reset_vec    0000
__Lsfr0                                sfr0         0000
__Lsfr1                                sfr1         0000
__Lsfr2                                sfr2         0000
__Lsfr3                                sfr3         0000
__Lspace_0                             (abs)        0000
__Lspace_1                             (abs)        0000
__Lspace_2                             (abs)        0000
__Lspace_3                             (abs)        0000
__Lspace_4                             (abs)        0000
__Lstack                               stack        0000
__Lstrings                             strings      0000
__Ltext                                text         0000
__S0                                   (abs)        1800
__S1                                   (abs)        019B
__S2                                   (abs)        0000
__S3                                   (abs)        0000
__Umul8_16                             text20       09FC
__Umul8_16@multiplicand                cstackBANK0  0036
__Umul8_16@multiplier                  cstackBANK0  003E
__Umul8_16@product                     cstackBANK0  003A
__Umul8_16@word_mpld                   cstackBANK0  003C
___awdiv                               text25       0F0D
___awdiv@counter                       cstackBANK0  003A
___awdiv@dividend                      cstackBANK0  0038
___awdiv@divisor                       cstackBANK0  0036
___awdiv@quotient                      cstackBANK0  003C
___awdiv@sign                          cstackBANK0  003B
___awmod                               text35       0D29
___awmod@counter                       cstackBANK0  003A
___awmod@dividend                      cstackBANK0  0038
___awmod@divisor                       cstackBANK0  0036
___awmod@sign                          cstackBANK0  003B
___bmul                                text3        08F8
___bmul@multiplicand                   cstackBANK0  0036
___bmul@multiplier                     cstackBANK0  0038
___bmul@product                        cstackBANK0  0037
___flmul                               text19       0051
___flmul@a                             cstackBANK1  00D9
___flmul@aexp                          cstackBANK1  00E3
___flmul@b                             cstackBANK1  00D5
___flmul@bexp                          cstackBANK1  00E8
___flmul@grs                           cstackBANK1  00E4
___flmul@prod                          cstackBANK1  00E9
___flmul@sign                          cstackBANK1  00E2
___flmul@temp                          cstackBANK1  00ED
___fltol                               text18       0617
___fltol@exp1                          cstackBANK3  0195
___fltol@f1                            cstackBANK0  003F
___fltol@sign1                         cstackBANK3  0194
___int_sp                              stack        0000
___latbits                             (abs)        0002
___lldiv                               text23       0F76
___lldiv@counter                       cstackBANK1  00D3
___lldiv@dividend                      cstackBANK0  003A
___lldiv@divisor                       cstackBANK0  0036
___lldiv@quotient                      cstackBANK1  00CF
___llmod                               text51       0CD3
___llmod@counter                       cstackCOMMON 007D
___llmod@dividend                      cstackBANK0  0029
___llmod@divisor                       cstackBANK0  0025
___lwmod                               text22       0BBE
___lwmod@counter                       cstackBANK0  003A
___lwmod@dividend                      cstackBANK0  0038
___lwmod@divisor                       cstackBANK0  0036
___sp                                  stack        0000
___stackhi                             (abs)        0000
___stacklo                             (abs)        0000
___wmul                                text27       09D5
___wmul@multiplicand                   cstackBANK0  0038
___wmul@multiplier                     cstackBANK0  0036
___wmul@product                        cstackBANK0  003A
___xxtofl                              text17       040C
___xxtofl@arg                          cstackBANK1  00D1
___xxtofl@exp                          cstackBANK1  00D0
___xxtofl@sign                         cstackBANK1  00CF
___xxtofl@val                          cstackBANK0  0036
__end_of_ADC_Conv_MainFunction         text14       092B
__end_of_ADC_Init                      text45       0800
__end_of_ADC_Start_Conv                text44       1800
__end_of_ADC_Value_Ready_CallBack      text15       0822
__end_of_Average_Value                 text21       07E5
__end_of_Buttons_MainFunction          text28       09D5
__end_of_EEPROM_Read                   text36       0AD9
__end_of_EEPROM_Write                  text8        094A
__end_of_EXTI_On_Off_CallBack          text52       08F8
__end_of_Elements_Init                 text43       085E
__end_of_Elements_MainFunction         text11       0CD3
__end_of_GPIO_Init                     text42       096B
__end_of_Get_EEPROM_Data               text34       0C3E
__end_of_I2c_Read                      text40       0DE1
__end_of_I2c_Start                     text39       08CC
__end_of_I2c_Stop                      text38       08E1
__end_of_I2c_Write                     text37       0C85
__end_of_LED_BLINKING                  text13       0A78
__end_of_LED_MainFunction              text12       0B10
__end_of_Mode_Init                     text33       17E9
__end_of_Mode_MainFunction             text9        0E3F
__end_of_On_Off_Init                   text32       17EF
__end_of_SSD_Blink                     text26       0BBE
__end_of_SSD_Init                      text31       084F
__end_of_SSD_MainFunction              text24       0617
__end_of_Scheduler_ActivateTask        text48       0EA5
__end_of_Scheduler_Init                text29       086E
__end_of_Scheduler_Intitys             strings      0815
__end_of_Scheduler_Start               text2        0B49
__end_of_Scheduler_Task1               text5        0837
__end_of_Scheduler_Task2               text4        0842
__end_of_Scheduler_Task3               text6        087E
__end_of_Set_EEPROM_Data               text7        08A2
__end_of_Start_Setting_Timer           text10       0A4E
__end_of_Temperature_Calc              text16       074D
__end_of_Timer0_CallBack               text47       0AA4
__end_of_Timer0_Init                   text1        088E
__end_of__Umul8_16                     text20       0A25
__end_of___awdiv                       text25       0F76
__end_of___awmod                       text35       0D84
__end_of___bmul                        text3        090F
__end_of___flmul                       text19       040C
__end_of___fltol                       text18       06B5
__end_of___lldiv                       text23       1000
__end_of___llmod                       text51       0D29
__end_of___lwmod                       text22       0BFA
__end_of___wmul                        text27       09FC
__end_of___xxtofl                      text17       0517
__end_of__fptable                      functab      0051
__end_of__initialization               cinit        003E
__end_of__stringtab                    strings      0806
__end_of_delay                         text41       082C
__end_of_main                          maintext     0B83
__end_of_memset                        text30       098D
__end_of_myISR                         text46       09B1
__end_ofi1___bmul                      text50       08B7
__end_ofi1___lldiv                     text49       0F0D
__fptable                              functab      0042
__initialization                       cinit        0015
__pbssBANK0                            bssBANK0     0043
__pbssBANK1                            bssBANK1     00A0
__pcstackBANK0                         cstackBANK0  0020
__pcstackBANK1                         cstackBANK1  00CF
__pcstackBANK3                         cstackBANK3  0190
__pcstackCOMMON                        cstackCOMMON 0070
__pdataBANK0                           dataBANK0    0056
__pfunctab                             functab      0042
__pidataBANK0                          idataBANK0   0815
__pintentry                            intentry     0004
__pmaintext                            maintext     0B49
__pstrings                             strings      0800
__ptext1                               text1        087E
__ptext10                              text10       0A25
__ptext11                              text11       0C85
__ptext12                              text12       0AD9
__ptext13                              text13       0A4E
__ptext14                              text14       090F
__ptext15                              text15       0819
__ptext16                              text16       06B5
__ptext17                              text17       040C
__ptext18                              text18       0617
__ptext19                              text19       0051
__ptext2                               text2        0B10
__ptext20                              text20       09FC
__ptext21                              text21       074D
__ptext22                              text22       0BBE
__ptext23                              text23       0F76
__ptext24                              text24       0517
__ptext25                              text25       0F0D
__ptext26                              text26       0B83
__ptext27                              text27       09D5
__ptext28                              text28       09B1
__ptext29                              text29       085E
__ptext3                               text3        08F8
__ptext30                              text30       096B
__ptext31                              text31       0842
__ptext32                              text32       17E9
__ptext33                              text33       17E5
__ptext34                              text34       0BFA
__ptext35                              text35       0D29
__ptext36                              text36       0AA4
__ptext37                              text37       0C3E
__ptext38                              text38       08CC
__ptext39                              text39       08B7
__ptext4                               text4        0837
__ptext40                              text40       0D84
__ptext41                              text41       0822
__ptext42                              text42       094A
__ptext43                              text43       084F
__ptext44                              text44       17F7
__ptext45                              text45       07E5
__ptext46                              text46       098D
__ptext47                              text47       0A78
__ptext48                              text48       0E3F
__ptext49                              text49       0EA5
__ptext5                               text5        082C
__ptext50                              text50       08A2
__ptext51                              text51       0CD3
__ptext52                              text52       08E1
__ptext6                               text6        086E
__ptext7                               text7        088E
__ptext8                               text8        092B
__ptext9                               text9        0DE1
__size_of_ADC_Conv_MainFunction        (abs)        0000
__size_of_ADC_Init                     (abs)        0000
__size_of_ADC_Start_Conv               (abs)        0000
__size_of_ADC_Value_Ready_CallBack     (abs)        0000
__size_of_Average_Value                (abs)        0000
__size_of_Buttons_MainFunction         (abs)        0000
__size_of_EEPROM_Read                  (abs)        0000
__size_of_EEPROM_Write                 (abs)        0000
__size_of_EXTI_On_Off_CallBack         (abs)        0000
__size_of_Elements_Init                (abs)        0000
__size_of_Elements_MainFunction        (abs)        0000
__size_of_GPIO_Init                    (abs)        0000
__size_of_Get_EEPROM_Data              (abs)        0000
__size_of_I2c_Read                     (abs)        0000
__size_of_I2c_Start                    (abs)        0000
__size_of_I2c_Stop                     (abs)        0000
__size_of_I2c_Write                    (abs)        0000
__size_of_LED_BLINKING                 (abs)        0000
__size_of_LED_MainFunction             (abs)        0000
__size_of_Mode_Init                    (abs)        0000
__size_of_Mode_MainFunction            (abs)        0000
__size_of_On_Off_Init                  (abs)        0000
__size_of_SSD_Blink                    (abs)        0000
__size_of_SSD_Init                     (abs)        0000
__size_of_SSD_MainFunction             (abs)        0000
__size_of_Scheduler_ActivateTask       (abs)        0000
__size_of_Scheduler_Init               (abs)        0000
__size_of_Scheduler_Start              (abs)        0000
__size_of_Scheduler_Task1              (abs)        0000
__size_of_Scheduler_Task2              (abs)        0000
__size_of_Scheduler_Task3              (abs)        0000
__size_of_Set_EEPROM_Data              (abs)        0000
__size_of_Start_Setting_Timer          (abs)        0000
__size_of_Temperature_Calc             (abs)        0000
__size_of_Timer0_CallBack              (abs)        0000
__size_of_Timer0_Init                  (abs)        0000
__size_of__Umul8_16                    (abs)        0000
__size_of___awdiv                      (abs)        0000
__size_of___awmod                      (abs)        0000
__size_of___bmul                       (abs)        0000
__size_of___flmul                      (abs)        0000
__size_of___fltol                      (abs)        0000
__size_of___lldiv                      (abs)        0000
__size_of___llmod                      (abs)        0000
__size_of___lwmod                      (abs)        0000
__size_of___wmul                       (abs)        0000
__size_of___xxtofl                     (abs)        0000
__size_of__fptable                     (abs)        0000
__size_of_delay                        (abs)        0000
__size_of_main                         (abs)        0000
__size_of_memset                       (abs)        0000
__size_of_myISR                        (abs)        0000
__size_ofi1___bmul                     (abs)        0000
__size_ofi1___lldiv                    (abs)        0000
__stringbase                           strings      0805
__stringtab                            strings      0800
_delay                                 text41       0822
_main                                  maintext     0B49
_memset                                text30       096B
_myISR                                 text46       098D
_temb_val                              bssBANK1     00A0
btemp                                  (abs)        007E
clear_ram0                             clrtext      17EF
end_of_initialization                  cinit        003E
fpbase                                 functab      0047
fptable                                functab      0042
fptotal                                (abs)        0006
i1___bmul                              text50       08A2
i1___bmul@multiplicand                 cstackCOMMON 0070
i1___bmul@multiplier                   cstackCOMMON 0072
i1___bmul@product                      cstackCOMMON 0071
i1___lldiv                             text49       0EA5
i1___lldiv@counter                     cstackBANK0  0024
i1___lldiv@dividend                    cstackCOMMON 0077
i1___lldiv@divisor                     cstackCOMMON 0073
i1___lldiv@quotient                    cstackBANK0  0020
interrupt_function                     intentry     0004
intlevel0                              functab      0042
intlevel1                              functab      0042
intlevel2                              functab      0042
intlevel3                              functab      0042
intlevel4                              functab      0042
intlevel5                              functab      0042
memset@c                               cstackBANK0  0036
memset@n                               cstackBANK0  0038
memset@p                               cstackBANK0  003A
memset@p1                              cstackBANK0  003B
reset_vec                              reset_vec    0000
saved_w                                (abs)        007E
start                                  init         0012
start_initialization                   cinit        0015
wtemp0                                 (abs)        007E


FUNCTION INFORMATION:

 *************** function _main *****************
 Defined at:
		line 40 in file "main.c"
 Parameters:    Size  Location     Type
		None
 Auto vars:     Size  Location     Type
		None
 Return value:  Size  Location     Type
                  1    wreg      void 
 Registers used:
		wreg, fsr0l, fsr0h, status,2, status,0, btemp+1, pclath, cstack
 Tracked objects:
		On entry : 
		On exit  : 
		Unchanged: 
 Data sizes:     COMMON   BANK0   BANK1   BANK3   BANK2
      Params:         0       0       0       0       0
      Locals:         0       0       0       0       0
      Temps:          0       0       0       0       0
      Totals:         0       0       0       0       0
Total ram usage:        0 bytes
 Hardware stack levels required when called:   11
 This function calls:
		_ADC_Init
		_ADC_Start_Conv
		_Elements_Init
		_GPIO_Init
		_Get_EEPROM_Data
		_Mode_Init
		_On_Off_Init
		_SSD_Init
		_Scheduler_Init
		_Scheduler_Start
		_Timer0_Init
 This function is called by:
		Startup code after reset
 This function uses a non-reentrant model


 *************** function _Timer0_Init *****************
 Defined at:
		line 10 in file "Timer/Timer.c"
 Parameters:    Size  Location     Type
		None
 Auto vars:     Size  Location     Type
		None
 Return value:  Size  Location     Type
                  1    wreg      void 
 Registers used:
		wreg
 Tracked objects:
		On entry : 
		On exit  : 
		Unchanged: 
 Data sizes:     COMMON   BANK0   BANK1   BANK3   BANK2
      Params:         0       0       0       0       0
      Locals:         0       0       0       0       0
      Temps:          0       0       0       0       0
      Totals:         0       0       0       0       0
Total ram usage:        0 bytes
 Hardware stack levels used:    1
 Hardware stack levels required when called:    4
 This function calls:
		Nothing
 This function is called by:
		_main
 This function uses a non-reentrant model


 *************** function _Scheduler_Start *****************
 Defined at:
		line 13 in file "Scheduler/Scheduler.c"
 Parameters:    Size  Location     Type
		None
 Auto vars:     Size  Location     Type
  IntityIndex     1   10[BANK3 ] unsigned char 
 Return value:  Size  Location     Type
                  1    wreg      void 
 Registers used:
		wreg, fsr0l, fsr0h, status,2, status,0, btemp+1, pclath, cstack
 Tracked objects:
		On entry : 
		On exit  : 
		Unchanged: 
 Data sizes:     COMMON   BANK0   BANK1   BANK3   BANK2
      Params:         0       0       0       0       0
      Locals:         0       0       0       1       0
      Temps:          0       0       0       0       0
      Totals:         0       0       0       1       0
Total ram usage:        1 bytes
 Hardware stack levels used:    1
 Hardware stack levels required when called:   10
 This function calls:
		_Scheduler_Task1
		_Scheduler_Task2
		_Scheduler_Task3
		___bmul
 This function is called by:
		_main
 This function uses a non-reentrant model


 *************** function ___bmul *****************
 Defined at:
		line 4 in file "C:\Program Files (x86)\Microchip\xc8\v2.20\pic\sources\c90\common\Umul8.c"
 Parameters:    Size  Location     Type
  multiplier      1    wreg     unsigned char 
  multiplicand    1   22[BANK0 ] unsigned char 
 Auto vars:     Size  Location     Type
  multiplier      1   24[BANK0 ] unsigned char 
  product         1   23[BANK0 ] unsigned char 
 Return value:  Size  Location     Type
                  1    wreg      unsigned char 
 Registers used:
		wreg, status,2, status,0, btemp+1
 Tracked objects:
		On entry : 
		On exit  : 
		Unchanged: 
 Data sizes:     COMMON   BANK0   BANK1   BANK3   BANK2
      Params:         0       1       0       0       0
      Locals:         0       2       0       0       0
      Temps:          0       0       0       0       0
      Totals:         0       3       0       0       0
Total ram usage:        3 bytes
 Hardware stack levels used:    1
 Hardware stack levels required when called:    4
 This function calls:
		Nothing
 This function is called by:
		_Scheduler_Start
		_Scheduler_ActivateTask
 This function uses a non-reentrant model


 *************** function _Scheduler_Task2 *****************
 Defined at:
		line 26 in file "Scheduler/Tasks.c"
 Parameters:    Size  Location     Type
		None
 Auto vars:     Size  Location     Type
		None
 Return value:  Size  Location     Type
                  1    wreg      void 
 Registers used:
		wreg, fsr0l, fsr0h, status,2, status,0, btemp+1, pclath, cstack
 Tracked objects:
		On entry : 
		On exit  : 
		Unchanged: 
 Data sizes:     COMMON   BANK0   BANK1   BANK3   BANK2
      Params:         0       0       0       0       0
      Locals:         0       0       0       0       0
      Temps:          0       0       0       0       0
      Totals:         0       0       0       0       0
Total ram usage:        0 bytes
 Hardware stack levels used:    1
 Hardware stack levels required when called:    9
 This function calls:
		_ADC_Conv_MainFunction
		_LED_MainFunction
 This function is called by:
		_Scheduler_Start
 This function uses a non-reentrant model


 *************** function _Scheduler_Task1 *****************
 Defined at:
		line 19 in file "Scheduler/Tasks.c"
 Parameters:    Size  Location     Type
		None
 Auto vars:     Size  Location     Type
		None
 Return value:  Size  Location     Type
                  1    wreg      void 
 Registers used:
		wreg, fsr0l, fsr0h, status,2, status,0, btemp+1, pclath, cstack
 Tracked objects:
		On entry : 
		On exit  : 
		Unchanged: 
 Data sizes:     COMMON   BANK0   BANK1   BANK3   BANK2
      Params:         0       0       0       0       0
      Locals:         0       0       0       0       0
      Temps:          0       0       0       0       0
      Totals:         0       0       0       0       0
Total ram usage:        0 bytes
 Hardware stack levels used:    1
 Hardware stack levels required when called:    7
 This function calls:
		_Buttons_MainFunction
		_SSD_MainFunction
 This function is called by:
		_Scheduler_Start
 This function uses a non-reentrant model


 *************** function _Scheduler_Task3 *****************
 Defined at:
		line 32 in file "Scheduler/Tasks.c"
 Parameters:    Size  Location     Type
		None
 Auto vars:     Size  Location     Type
		None
 Return value:  Size  Location     Type
                  1    wreg      void 
 Registers used:
		wreg, status,2, status,0, btemp+1, pclath, cstack
 Tracked objects:
		On entry : 
		On exit  : 
		Unchanged: 
 Data sizes:     COMMON   BANK0   BANK1   BANK3   BANK2
      Params:         0       0       0       0       0
      Locals:         0       0       0       0       0
      Temps:          0       0       0       0       0
      Totals:         0       0       0       0       0
Total ram usage:        0 bytes
 Hardware stack levels used:    1
 Hardware stack levels required when called:    8
 This function calls:
		_Elements_MainFunction
		_Mode_MainFunction
		_Set_EEPROM_Data
 This function is called by:
		_Scheduler_Start
 This function uses a non-reentrant model


 *************** function _Set_EEPROM_Data *****************
 Defined at:
		line 29 in file "EEPROM/EEPROM.c"
 Parameters:    Size  Location     Type
		None
 Auto vars:     Size  Location     Type
		None
 Return value:  Size  Location     Type
                  1    wreg      void 
 Registers used:
		wreg, status,2, status,0, btemp+1, pclath, cstack
 Tracked objects:
		On entry : 
		On exit  : 
		Unchanged: 
 Data sizes:     COMMON   BANK0   BANK1   BANK3   BANK2
      Params:         0       0       0       0       0
      Locals:         0       0       0       0       0
      Temps:          0       0       0       0       0
      Totals:         0       0       0       0       0
Total ram usage:        0 bytes
 Hardware stack levels used:    1
 Hardware stack levels required when called:    7
 This function calls:
		_EEPROM_Write
 This function is called by:
		_Scheduler_Task3
 This function uses a non-reentrant model


 *************** function _EEPROM_Write *****************
 Defined at:
		line 43 in file "EEPROM/EEPROM.c"
 Parameters:    Size  Location     Type
  Data            1    wreg     unsigned char 
 Auto vars:     Size  Location     Type
  Data            1    0[COMMON] unsigned char 
 Return value:  Size  Location     Type
                  1    wreg      void 
 Registers used:
		wreg, status,2, status,0, btemp+1, pclath, cstack
 Tracked objects:
		On entry : 
		On exit  : 
		Unchanged: 
 Data sizes:     COMMON   BANK0   BANK1   BANK3   BANK2
      Params:         0       0       0       0       0
      Locals:         0       0       0       0       0
      Temps:          0       0       0       0       0
      Totals:         0       0       0       0       0
Total ram usage:        0 bytes
 Hardware stack levels used:    1
 Hardware stack levels required when called:    6
 This function calls:
		_I2c_Start
		_I2c_Stop
		_I2c_Write
 This function is called by:
		_Set_EEPROM_Data
 This function uses a non-reentrant model


 *************** function _Mode_MainFunction *****************
 Defined at:
		line 28 in file "WaterHeater_Mode/WaterHeater_Mode.c"
 Parameters:    Size  Location     Type
		None
 Auto vars:     Size  Location     Type
		None
 Return value:  Size  Location     Type
                  1    wreg      void 
 Registers used:
		wreg, status,2, status,0, btemp+1, pclath, cstack
 Tracked objects:
		On entry : 
		On exit  : 
		Unchanged: 
 Data sizes:     COMMON   BANK0   BANK1   BANK3   BANK2
      Params:         0       0       0       0       0
      Locals:         0       0       0       0       0
      Temps:          0       1       0       0       0
      Totals:         0       1       0       0       0
Total ram usage:        1 bytes
 Hardware stack levels used:    1
 Hardware stack levels required when called:    6
 This function calls:
		_Start_Setting_Timer
 This function is called by:
		_Scheduler_Task3
 This function uses a non-reentrant model


 *************** function _Start_Setting_Timer *****************
 Defined at:
		line 54 in file "WaterHeater_Mode/WaterHeater_Mode.c"
 Parameters:    Size  Location     Type
  Timer_Ms        2   28[BANK0 ] unsigned int 
  Peroid_Task     2   30[BANK0 ] unsigned int 
 Auto vars:     Size  Location     Type
		None
 Return value:  Size  Location     Type
                  1    wreg      void 
 Registers used:
		wreg, status,2, status,0, btemp+1, pclath, cstack
 Tracked objects:
		On entry : 
		On exit  : 
		Unchanged: 
 Data sizes:     COMMON   BANK0   BANK1   BANK3   BANK2
      Params:         0       4       0       0       0
      Locals:         0       0       0       0       0
      Temps:          0       2       0       0       0
      Totals:         0       6       0       0       0
Total ram usage:        6 bytes
 Hardware stack levels used:    1
 Hardware stack levels required when called:    5
 This function calls:
		___wmul
 This function is called by:
		_Mode_MainFunction
 This function uses a non-reentrant model


 *************** function _Elements_MainFunction *****************
 Defined at:
		line 57 in file "Elements/Elements.c"
 Parameters:    Size  Location     Type
		None
 Auto vars:     Size  Location     Type
		None
 Return value:  Size  Location     Type
                  1    wreg      void 
 Registers used:
		wreg, status,2, status,0, btemp+1
 Tracked objects:
		On entry : 
		On exit  : 
		Unchanged: 
 Data sizes:     COMMON   BANK0   BANK1   BANK3   BANK2
      Params:         0       0       0       0       0
      Locals:         0       0       0       0       0
      Temps:          0       4       0       0       0
      Totals:         0       4       0       0       0
Total ram usage:        4 bytes
 Hardware stack levels used:    1
 Hardware stack levels required when called:    4
 This function calls:
		Nothing
 This function is called by:
		_Scheduler_Task3
 This function uses a non-reentrant model


 *************** function _LED_MainFunction *****************
 Defined at:
		line 37 in file "Elements/Elements.c"
 Parameters:    Size  Location     Type
		None
 Auto vars:     Size  Location     Type
		None
 Return value:  Size  Location     Type
                  1    wreg      void 
 Registers used:
		wreg, status,2, status,0, btemp+1, pclath, cstack
 Tracked objects:
		On entry : 
		On exit  : 
		Unchanged: 
 Data sizes:     COMMON   BANK0   BANK1   BANK3   BANK2
      Params:         0       0       0       0       0
      Locals:         0       0       0       0       0
      Temps:          0       0       0       0       0
      Totals:         0       0       0       0       0
Total ram usage:        0 bytes
 Hardware stack levels used:    1
 Hardware stack levels required when called:    6
 This function calls:
		_LED_BLINKING
 This function is called by:
		_Scheduler_Task2
 This function uses a non-reentrant model


 *************** function _LED_BLINKING *****************
 Defined at:
		line 20 in file "Elements/Elements.c"
 Parameters:    Size  Location     Type
  Time_Ms         2   28[BANK0 ] unsigned int 
  Task_Peroid     2   30[BANK0 ] unsigned int 
 Auto vars:     Size  Location     Type
		None
 Return value:  Size  Location     Type
                  1    wreg      void 
 Registers used:
		wreg, status,2, status,0, btemp+1, pclath, cstack
 Tracked objects:
		On entry : 
		On exit  : 
		Unchanged: 
 Data sizes:     COMMON   BANK0   BANK1   BANK3   BANK2
      Params:         0       4       0       0       0
      Locals:         0       0       0       0       0
      Temps:          0       2       0       0       0
      Totals:         0       6       0       0       0
Total ram usage:        6 bytes
 Hardware stack levels used:    1
 Hardware stack levels required when called:    5
 This function calls:
		___wmul
 This function is called by:
		_LED_MainFunction
 This function uses a non-reentrant model


 *************** function _ADC_Conv_MainFunction *****************
 Defined at:
		line 47 in file "ADC/ADC.c"
 Parameters:    Size  Location     Type
		None
 Auto vars:     Size  Location     Type
		None
 Return value:  Size  Location     Type
                  1    wreg      void 
 Registers used:
		wreg, fsr0l, fsr0h, status,2, status,0, btemp+1, pclath, cstack
 Tracked objects:
		On entry : 
		On exit  : 
		Unchanged: 
 Data sizes:     COMMON   BANK0   BANK1   BANK3   BANK2
      Params:         0       0       0       0       0
      Locals:         0       0       0       0       0
      Temps:          0       0       0       0       0
      Totals:         0       0       0       0       0
Total ram usage:        0 bytes
 Hardware stack levels used:    1
 Hardware stack levels required when called:    8
 This function calls:
		_ADC_Value_Ready_CallBack
 This function is called by:
		_Scheduler_Task2
 This function uses a non-reentrant model


 *************** function _ADC_Value_Ready_CallBack *****************
 Defined at:
		line 59 in file "ADC/ADC.c"
 Parameters:    Size  Location     Type
		None
 Auto vars:     Size  Location     Type
		None
 Return value:  Size  Location     Type
                  1    wreg      void 
 Registers used:
		wreg, fsr0l, fsr0h, status,2, status,0, btemp+1, pclath, cstack
 Tracked objects:
		On entry : 
		On exit  : 
		Unchanged: 
 Data sizes:     COMMON   BANK0   BANK1   BANK3   BANK2
      Params:         0       0       0       0       0
      Locals:         0       0       0       0       0
      Temps:          0       0       0       0       0
      Totals:         0       0       0       0       0
Total ram usage:        0 bytes
 Hardware stack levels used:    1
 Hardware stack levels required when called:    7
 This function calls:
		_Temperature_Calc
 This function is called by:
		_ADC_Conv_MainFunction
 This function uses a non-reentrant model


 *************** function _Temperature_Calc *****************
 Defined at:
		line 14 in file "Temperature/Temperature.c"
 Parameters:    Size  Location     Type
  ADC_VALUE       1    wreg     unsigned char 
 Auto vars:     Size  Location     Type
  ADC_VALUE       1   32[BANK1 ] unsigned char 
 Return value:  Size  Location     Type
                  1    wreg      void 
 Registers used:
		wreg, fsr0l, fsr0h, status,2, status,0, btemp+1, pclath, cstack
 Tracked objects:
		On entry : 
		On exit  : 
		Unchanged: 
 Data sizes:     COMMON   BANK0   BANK1   BANK3   BANK2
      Params:         0       0       0       0       0
      Locals:         0       0       1       0       0
      Temps:          0       0       0       4       0
      Totals:         0       0       1       4       0
Total ram usage:        5 bytes
 Hardware stack levels used:    1
 Hardware stack levels required when called:    6
 This function calls:
		_Average_Value
		___flmul
		___fltol
		___lwmod
		___xxtofl
 This function is called by:
		_ADC_Value_Ready_CallBack
 This function uses a non-reentrant model


 *************** function ___xxtofl *****************
 Defined at:
		line 10 in file "C:\Program Files (x86)\Microchip\xc8\v2.20\pic\sources\c90\common\xxtofl.c"
 Parameters:    Size  Location     Type
  sign            1    wreg     unsigned char 
  val             4   22[BANK0 ] long 
 Auto vars:     Size  Location     Type
  sign            1    0[BANK1 ] unsigned char 
  arg             4    2[BANK1 ] unsigned long 
  exp             1    1[BANK1 ] unsigned char 
 Return value:  Size  Location     Type
                  4   22[BANK0 ] unsigned char 
 Registers used:
		wreg, status,2, status,0, btemp+1
 Tracked objects:
		On entry : 
		On exit  : 
		Unchanged: 
 Data sizes:     COMMON   BANK0   BANK1   BANK3   BANK2
      Params:         0       4       0       0       0
      Locals:         0       0       6       0       0
      Temps:          0       4       0       0       0
      Totals:         0       8       6       0       0
Total ram usage:       14 bytes
 Hardware stack levels used:    1
 Hardware stack levels required when called:    4
 This function calls:
		Nothing
 This function is called by:
		_Temperature_Calc
 This function uses a non-reentrant model


 *************** function ___fltol *****************
 Defined at:
		line 43 in file "C:\Program Files (x86)\Microchip\xc8\v2.20\pic\sources\c90\common\fltol.c"
 Parameters:    Size  Location     Type
  f1              4   31[BANK0 ] unsigned char 
 Auto vars:     Size  Location     Type
  exp1            1    5[BANK3 ] unsigned char 
  sign1           1    4[BANK3 ] unsigned char 
 Return value:  Size  Location     Type
                  4   31[BANK0 ] long 
 Registers used:
		wreg, status,2, status,0, btemp+1
 Tracked objects:
		On entry : 
		On exit  : 
		Unchanged: 
 Data sizes:     COMMON   BANK0   BANK1   BANK3   BANK2
      Params:         0       4       0       0       0
      Locals:         0       0       0       2       0
      Temps:          0       0       0       4       0
      Totals:         0       4       0       6       0
Total ram usage:       10 bytes
 Hardware stack levels used:    1
 Hardware stack levels required when called:    4
 This function calls:
		Nothing
 This function is called by:
		_Temperature_Calc
 This function uses a non-reentrant model


 *************** function ___flmul *****************
 Defined at:
		line 8 in file "C:\Program Files (x86)\Microchip\xc8\v2.20\pic\sources\c90\common\sprcmul.c"
 Parameters:    Size  Location     Type
  b               4    6[BANK1 ] long 
  a               4   10[BANK1 ] long 
 Auto vars:     Size  Location     Type
  prod            4   26[BANK1 ] struct .
  grs             4   21[BANK1 ] unsigned long 
  temp            2   30[BANK1 ] struct .
  bexp            1   25[BANK1 ] unsigned char 
  aexp            1   20[BANK1 ] unsigned char 
  sign            1   19[BANK1 ] unsigned char 
 Return value:  Size  Location     Type
                  4    6[BANK1 ] unsigned char 
 Registers used:
		wreg, status,2, status,0, btemp+1, pclath, cstack
 Tracked objects:
		On entry : 
		On exit  : 
		Unchanged: 
 Data sizes:     COMMON   BANK0   BANK1   BANK3   BANK2
      Params:         0       0       8       0       0
      Locals:         0       0      13       0       0
      Temps:          0       0       5       0       0
      Totals:         0       0      26       0       0
Total ram usage:       26 bytes
 Hardware stack levels used:    1
 Hardware stack levels required when called:    5
 This function calls:
		__Umul8_16
 This function is called by:
		_Temperature_Calc
 This function uses a non-reentrant model


 *************** function __Umul8_16 *****************
 Defined at:
		line 4 in file "C:\Program Files (x86)\Microchip\xc8\v2.20\pic\sources\c90\common\Umul8_16.c"
 Parameters:    Size  Location     Type
  multiplier      1    wreg     unsigned char 
  multiplicand    1   22[BANK0 ] unsigned char 
 Auto vars:     Size  Location     Type
  multiplier      1   30[BANK0 ] unsigned char 
  word_mpld       2   28[BANK0 ] unsigned int 
  product         2   26[BANK0 ] unsigned int 
 Return value:  Size  Location     Type
                  2   22[BANK0 ] unsigned int 
 Registers used:
		wreg, status,2, status,0
 Tracked objects:
		On entry : 
		On exit  : 
		Unchanged: 
 Data sizes:     COMMON   BANK0   BANK1   BANK3   BANK2
      Params:         0       2       0       0       0
      Locals:         0       5       0       0       0
      Temps:          0       2       0       0       0
      Totals:         0       9       0       0       0
Total ram usage:        9 bytes
 Hardware stack levels used:    1
 Hardware stack levels required when called:    4
 This function calls:
		Nothing
 This function is called by:
		___flmul
 This function uses a non-reentrant model


 *************** function _Average_Value *****************
 Defined at:
		line 12 in file "Average/Average.c"
 Parameters:    Size  Location     Type
  Value           1    wreg     unsigned char 
  Avrage_Value    1   31[BANK0 ] PTR unsigned char 
		 -> Temperature(5), 
 Auto vars:     Size  Location     Type
  Value           1   32[BANK0 ] unsigned char 
  index           1   33[BANK0 ] unsigned char 
 Return value:  Size  Location     Type
                  1    wreg      void 
 Registers used:
		wreg, fsr0l, fsr0h, status,2, status,0, btemp+1, pclath, cstack
 Tracked objects:
		On entry : 
		On exit  : 
		Unchanged: 
 Data sizes:     COMMON   BANK0   BANK1   BANK3   BANK2
      Params:         0       1       0       0       0
      Locals:         0       2       0       0       0
      Temps:          0       0       5       0       0
      Totals:         0       3       5       0       0
Total ram usage:        8 bytes
 Hardware stack levels used:    1
 Hardware stack levels required when called:    5
 This function calls:
		___lldiv
		___lwmod
 This function is called by:
		_Temperature_Calc
 This function uses a non-reentrant model


 *************** function ___lwmod *****************
 Defined at:
		line 5 in file "C:\Program Files (x86)\Microchip\xc8\v2.20\pic\sources\c90\common\lwmod.c"
 Parameters:    Size  Location     Type
  divisor         2   22[BANK0 ] unsigned int 
  dividend        2   24[BANK0 ] unsigned int 
 Auto vars:     Size  Location     Type
  counter         1   26[BANK0 ] unsigned char 
 Return value:  Size  Location     Type
                  2   22[BANK0 ] unsigned int 
 Registers used:
		wreg, status,2, status,0, btemp+1
 Tracked objects:
		On entry : 
		On exit  : 
		Unchanged: 
 Data sizes:     COMMON   BANK0   BANK1   BANK3   BANK2
      Params:         0       4       0       0       0
      Locals:         0       1       0       0       0
      Temps:          0       0       0       0       0
      Totals:         0       5       0       0       0
Total ram usage:        5 bytes
 Hardware stack levels used:    1
 Hardware stack levels required when called:    4
 This function calls:
		Nothing
 This function is called by:
		_Average_Value
		_Temperature_Calc
 This function uses a non-reentrant model


 *************** function ___lldiv *****************
 Defined at:
		line 5 in file "C:\Program Files (x86)\Microchip\xc8\v2.20\pic\sources\c90\common\__lldiv.c"
 Parameters:    Size  Location     Type
  divisor         4   22[BANK0 ] unsigned long 
  dividend        4   26[BANK0 ] unsigned long 
 Auto vars:     Size  Location     Type
  quotient        4    0[BANK1 ] unsigned long 
  counter         1    4[BANK1 ] unsigned char 
 Return value:  Size  Location     Type
                  4   22[BANK0 ] unsigned long 
 Registers used:
		wreg, status,2, status,0, btemp+1
 Tracked objects:
		On entry : 
		On exit  : 
		Unchanged: 
 Data sizes:     COMMON   BANK0   BANK1   BANK3   BANK2
      Params:         0       8       0       0       0
      Locals:         0       0       5       0       0
      Temps:          0       1       0       0       0
      Totals:         0       9       5       0       0
Total ram usage:       14 bytes
 Hardware stack levels used:    1
 Hardware stack levels required when called:    4
 This function calls:
		Nothing
 This function is called by:
		_Average_Value
 This function uses a non-reentrant model


 *************** function _SSD_MainFunction *****************
 Defined at:
		line 24 in file "SSD/SSD.c"
 Parameters:    Size  Location     Type
		None
 Auto vars:     Size  Location     Type
		None
 Return value:  Size  Location     Type
                  1    wreg      void 
 Registers used:
		wreg, fsr0l, fsr0h, status,2, status,0, btemp+1, pclath, cstack
 Tracked objects:
		On entry : 
		On exit  : 
		Unchanged: 
 Data sizes:     COMMON   BANK0   BANK1   BANK3   BANK2
      Params:         0       0       0       0       0
      Locals:         0       0       0       0       0
      Temps:          0       0       2       0       0
      Totals:         0       0       2       0       0
Total ram usage:        2 bytes
 Hardware stack levels used:    1
 Hardware stack levels required when called:    6
 This function calls:
		_SSD_Blink
		___awdiv
		___awmod
 This function is called by:
		_Scheduler_Task1
 This function uses a non-reentrant model


 *************** function ___awdiv *****************
 Defined at:
		line 5 in file "C:\Program Files (x86)\Microchip\xc8\v2.20\pic\sources\c90\common\awdiv.c"
 Parameters:    Size  Location     Type
  divisor         2   22[BANK0 ] int 
  dividend        2   24[BANK0 ] int 
 Auto vars:     Size  Location     Type
  quotient        2   28[BANK0 ] int 
  sign            1   27[BANK0 ] unsigned char 
  counter         1   26[BANK0 ] unsigned char 
 Return value:  Size  Location     Type
                  2   22[BANK0 ] int 
 Registers used:
		wreg, status,2, status,0, btemp+1
 Tracked objects:
		On entry : 
		On exit  : 
		Unchanged: 
 Data sizes:     COMMON   BANK0   BANK1   BANK3   BANK2
      Params:         0       4       0       0       0
      Locals:         0       4       0       0       0
      Temps:          0       0       0       0       0
      Totals:         0       8       0       0       0
Total ram usage:        8 bytes
 Hardware stack levels used:    1
 Hardware stack levels required when called:    4
 This function calls:
		Nothing
 This function is called by:
		_SSD_MainFunction
 This function uses a non-reentrant model


 *************** function _SSD_Blink *****************
 Defined at:
		line 131 in file "SSD/SSD.c"
 Parameters:    Size  Location     Type
  Times_Ms        2   28[BANK0 ] unsigned int 
  Task_Peroid     2   30[BANK0 ] unsigned int 
 Auto vars:     Size  Location     Type
		None
 Return value:  Size  Location     Type
                  1    wreg      void 
 Registers used:
		wreg, status,2, status,0, btemp+1, pclath, cstack
 Tracked objects:
		On entry : 
		On exit  : 
		Unchanged: 
 Data sizes:     COMMON   BANK0   BANK1   BANK3   BANK2
      Params:         0       4       0       0       0
      Locals:         0       0       0       0       0
      Temps:          0       2       0       0       0
      Totals:         0       6       0       0       0
Total ram usage:        6 bytes
 Hardware stack levels used:    1
 Hardware stack levels required when called:    5
 This function calls:
		___wmul
 This function is called by:
		_SSD_MainFunction
 This function uses a non-reentrant model


 *************** function ___wmul *****************
 Defined at:
		line 15 in file "C:\Program Files (x86)\Microchip\xc8\v2.20\pic\sources\c90\common\Umul16.c"
 Parameters:    Size  Location     Type
  multiplier      2   22[BANK0 ] unsigned int 
  multiplicand    2   24[BANK0 ] unsigned int 
 Auto vars:     Size  Location     Type
  product         2   26[BANK0 ] unsigned int 
 Return value:  Size  Location     Type
                  2   22[BANK0 ] unsigned int 
 Registers used:
		wreg, status,2, status,0
 Tracked objects:
		On entry : 
		On exit  : 
		Unchanged: 
 Data sizes:     COMMON   BANK0   BANK1   BANK3   BANK2
      Params:         0       4       0       0       0
      Locals:         0       2       0       0       0
      Temps:          0       0       0       0       0
      Totals:         0       6       0       0       0
Total ram usage:        6 bytes
 Hardware stack levels used:    1
 Hardware stack levels required when called:    4
 This function calls:
		Nothing
 This function is called by:
		_LED_BLINKING
		_Start_Setting_Timer
		_SSD_Blink
 This function uses a non-reentrant model


 *************** function _Buttons_MainFunction *****************
 Defined at:
		line 38 in file "Buttons/Buttons.c"
 Parameters:    Size  Location     Type
		None
 Auto vars:     Size  Location     Type
		None
 Return value:  Size  Location     Type
                  1    wreg      void 
 Registers used:
		wreg, status,2, status,0, btemp+1
 Tracked objects:
		On entry : 
		On exit  : 
		Unchanged: 
 Data sizes:     COMMON   BANK0   BANK1   BANK3   BANK2
      Params:         0       0       0       0       0
      Locals:         0       0       0       0       0
      Temps:          0       1       0       0       0
      Totals:         0       1       0       0       0
Total ram usage:        1 bytes
 Hardware stack levels used:    1
 Hardware stack levels required when called:    4
 This function calls:
		Nothing
 This function is called by:
		_Scheduler_Task1
 This function uses a non-reentrant model


 *************** function _Scheduler_Init *****************
 Defined at:
		line 29 in file "Scheduler/Scheduler.c"
 Parameters:    Size  Location     Type
		None
 Auto vars:     Size  Location     Type
		None
 Return value:  Size  Location     Type
                  1    wreg      void 
 Registers used:
		wreg, fsr0l, fsr0h, status,2, status,0, btemp+1, pclath, cstack
 Tracked objects:
		On entry : 
		On exit  : 
		Unchanged: 
 Data sizes:     COMMON   BANK0   BANK1   BANK3   BANK2
      Params:         0       0       0       0       0
      Locals:         0       0       0       0       0
      Temps:          0       0       0       0       0
      Totals:         0       0       0       0       0
Total ram usage:        0 bytes
 Hardware stack levels used:    1
 Hardware stack levels required when called:    5
 This function calls:
		_memset
 This function is called by:
		_main
 This function uses a non-reentrant model


 *************** function _memset *****************
 Defined at:
		line 8 in file "C:\Program Files (x86)\Microchip\xc8\v2.20\pic\sources\c90\common\memset.c"
 Parameters:    Size  Location     Type
  p1              1    wreg     PTR void 
[...]
 Tracked objects:
		On entry : 
		On exit  : 
		Unchanged: 
 Data sizes:     COMMON   BANK0   BANK1   BANK3   BANK2
      Params:         0       0       0       0       0
      Locals:         0       0       0       0       0
      Temps:          0       0       0       0       0
      Totals:         0       0       0       0       0
Total ram usage:        0 bytes
 Hardware stack levels used:    1
 Hardware stack levels required when called:    5
 This function calls:
		_delay
 This function is called by:
		_EEPROM_Write
		_EEPROM_Read
 This function uses a non-reentrant model


 *************** function _I2c_Start *****************
 Defined at:
		line 19 in file "I2C/I2C.c"
 Parameters:    Size  Location     Type
		None
 Auto vars:     Size  Location     Type
		None
 Return value:  Size  Location     Type
                  1    wreg      void 
 Registers used:
		wreg, status,2, status,0, btemp+1, pclath, cstack
 Tracked objects:
		On entry : 
		On exit  : 
		Unchanged: 
 Data sizes:     COMMON   BANK0   BANK1   BANK3   BANK2
      Params:         0       0       0       0       0
      Locals:         0       0       0       0       0
      Temps:          0       0       0       0       0
      Totals:         0       0       0       0       0
Total ram usage:        0 bytes
 Hardware stack levels used:    1
 Hardware stack levels required when called:    5
 This function calls:
		_delay
 This function is called by:
		_EEPROM_Write
		_EEPROM_Read
 This function uses a non-reentrant model


 *************** function _I2c_Read *****************
 Defined at:
		line 56 in file "I2C/I2C.c"
 Parameters:    Size  Location     Type
  ack             1    wreg     unsigned char 
 Auto vars:     Size  Location     Type
  ack             1   23[BANK0 ] unsigned char 
  i               1   25[BANK0 ] unsigned char 
  ret             1   24[BANK0 ] unsigned char 
 Return value:  Size  Location     Type
                  1    wreg      unsigned char 
 Registers used:
		wreg, status,2, status,0, btemp+1, pclath, cstack
 Tracked objects:
		On entry : 
		On exit  : 
		Unchanged: 
 Data sizes:     COMMON   BANK0   BANK1   BANK3   BANK2
      Params:         0       0       0       0       0
      Locals:         0       3       0       0       0
      Temps:          0       1       0       0       0
      Totals:         0       4       0       0       0
Total ram usage:        4 bytes
 Hardware stack levels used:    1
 Hardware stack levels required when called:    5
 This function calls:
		_delay
 This function is called by:
		_EEPROM_Read
 This function uses a non-reentrant model


 *************** function _delay *****************
 Defined at:
		line 4 in file "I2C/I2C.c"
 Parameters:    Size  Location     Type
		None
 Auto vars:     Size  Location     Type
		None
 Return value:  Size  Location     Type
                  1    wreg      void 
 Registers used:
		None
 Tracked objects:
		On entry : 
		On exit  : 
		Unchanged: 
 Data sizes:     COMMON   BANK0   BANK1   BANK3   BANK2
      Params:         0       0       0       0       0
      Locals:         0       0       0       0       0
      Temps:          0       0       0       0       0
      Totals:         0       0       0       0       0
Total ram usage:        0 bytes
 Hardware stack levels used:    1
 Hardware stack levels required when called:    4
 This function calls:
		Nothing
 This function is called by:
		_I2c_Start
		_I2c_Stop
		_I2c_Write
		_I2c_Read
 This function uses a non-reentrant model


 *************** function _GPIO_Init *****************
 Defined at:
		line 12 in file "gpio/gpio.c"
 Parameters:    Size  Location     Type
		None
 Auto vars:     Size  Location     Type
		None
 Return value:  Size  Location     Type
                  1    wreg      void 
 Registers used:
		wreg, status,2, status,0, btemp+1
 Tracked objects:
		On entry : 
		On exit  : 
		Unchanged: 
 Data sizes:     COMMON   BANK0   BANK1   BANK3   BANK2
      Params:         0       0       0       0       0
      Locals:         0       0       0       0       0
      Temps:          0       0       0       0       0
      Totals:         0       0       0       0       0
Total ram usage:        0 bytes
 Hardware stack levels used:    1
 Hardware stack levels required when called:    4
 This function calls:
		Nothing
 This function is called by:
		_main
 This function uses a non-reentrant model


 *************** function _Elements_Init *****************
 Defined at:
		line 11 in file "Elements/Elements.c"
 Parameters:    Size  Location     Type
		None
 Auto vars:     Size  Location     Type
		None
 Return value:  Size  Location     Type
                  1    wreg      void 
 Registers used:
		wreg, status,2, status,0, btemp+1
 Tracked objects:
		On entry : 
		On exit  : 
		Unchanged: 
 Data sizes:     COMMON   BANK0   BANK1   BANK3   BANK2
      Params:         0       0       0       0       0
      Locals:         0       0       0       0       0
      Temps:          0       0       0       0       0
      Totals:         0       0       0       0       0
Total ram usage:        0 bytes
 Hardware stack levels used:    1
 Hardware stack levels required when called:    4
 This function calls:
		Nothing
 This function is called by:
		_main
 This function uses a non-reentrant model


 *************** function _ADC_Start_Conv *****************
 Defined at:
		line 38 in file "ADC/ADC.c"
 Parameters:    Size  Location     Type
		None
 Auto vars:     Size  Location     Type
		None
 Return value:  Size  Location     Type
                  1    wreg      void 
 Registers used:
		None
 Tracked objects:
		On entry : 
		On exit  : 
		Unchanged: 
 Data sizes:     COMMON   BANK0   BANK1   BANK3   BANK2
      Params:         0       0       0       0       0
      Locals:         0       0       0       0       0
      Temps:          0       0       0       0       0
      Totals:         0       0       0       0       0
Total ram usage:        0 bytes
 Hardware stack levels used:    1
 Hardware stack levels required when called:    4
 This function calls:
		Nothing
 This function is called by:
		_main
 This function uses a non-reentrant model


 *************** function _ADC_Init *****************
 Defined at:
		line 13 in file "ADC/ADC.c"
 Parameters:    Size  Location     Type
		None
 Auto vars:     Size  Location     Type
		None
 Return value:  Size  Location     Type
                  1    wreg      void 
 Registers used:
		None
 Tracked objects:
		On entry : 
		On exit  : 
		Unchanged: 
 Data sizes:     COMMON   BANK0   BANK1   BANK3   BANK2
      Params:         0       0       0       0       0
      Locals:         0       0       0       0       0
      Temps:          0       0       0       0       0
      Totals:         0       0       0       0       0
Total ram usage:        0 bytes
 Hardware stack levels used:    1
 Hardware stack levels required when called:    4
 This function calls:
		Nothing
 This function is called by:
		_main
 This function uses a non-reentrant model


 *************** function _myISR *****************
 Defined at:
		line 11 in file "Interrupt/Interrupt.c"
 Parameters:    Size  Location     Type
		None
 Auto vars:     Size  Location     Type
		None
 Return value:  Size  Location     Type
                  1    wreg      void 
 Registers used:
		wreg, fsr0l, fsr0h, status,2, status,0, btemp+1, pclath, cstack
 Tracked objects:
		On entry : 
		On exit  : 
		Unchanged: 
 Data sizes:     COMMON   BANK0   BANK1   BANK3   BANK2
      Params:         0       0       0       0       0
      Locals:         0       0       0       0       0
      Temps:          0       4       0       0       0
      Totals:         0       4       0       0       0
Total ram usage:        4 bytes
 Hardware stack levels used:    1
 Hardware stack levels required when called:    3
 This function calls:
		_EXTI_On_Off_CallBack
		_Timer0_CallBack
 This function is called by:
		Interrupt level 1
 This function uses a non-reentrant model


 *************** function _Timer0_CallBack *****************
 Defined at:
		line 31 in file "Timer/Timer.c"
 Parameters:    Size  Location     Type
		None
 Auto vars:     Size  Location     Type
		None
 Return value:  Size  Location     Type
                  1    wreg      void 
 Registers used:
		wreg, fsr0l, fsr0h, status,2, status,0, btemp+1, pclath, cstack
 Tracked objects:
		On entry : 
		On exit  : 
		Unchanged: 
 Data sizes:     COMMON   BANK0   BANK1   BANK3   BANK2
      Params:         0       0       0       0       0
      Locals:         0       0       0       0       0
      Temps:          0       0       0       0       0
      Totals:         0       0       0       0       0
Total ram usage:        0 bytes
 Hardware stack levels used:    1
 Hardware stack levels required when called:    2
 This function calls:
		_Scheduler_ActivateTask
 This function is called by:
		_myISR
 This function uses a non-reentrant model


 *************** function _Scheduler_ActivateTask *****************
 Defined at:
		line 35 in file "Scheduler/Scheduler.c"
 Parameters:    Size  Location     Type
  SystemTick      4   13[BANK0 ] unsigned long 
 Auto vars:     Size  Location     Type
  IntityIndex     1   17[BANK0 ] unsigned char 
 Return value:  Size  Location     Type
                  1    wreg      void 
 Registers used:
		wreg, fsr0l, fsr0h, status,2, status,0, btemp+1, pclath, cstack
 Tracked objects:
		On entry : 
		On exit  : 
		Unchanged: 
 Data sizes:     COMMON   BANK0   BANK1   BANK3   BANK2
      Params:         0       4       0       0       0
      Locals:         0       1       0       0       0
      Temps:          0       0       0       0       0
      Totals:         0       5       0       0       0
Total ram usage:        5 bytes
 Hardware stack levels used:    1
 Hardware stack levels required when called:    1
 This function calls:
		___llmod
		i1___bmul
		i1___lldiv
 This function is called by:
		_Timer0_CallBack
 This function uses a non-reentrant model


 *************** function i1___lldiv *****************
 Defined at:
		line 5 in file "C:\Program Files (x86)\Microchip\xc8\v2.20\pic\sources\c90\common\__lldiv.c"
 Parameters:    Size  Location     Type
  divisor         4    3[COMMON] unsigned long 
  dividend        4    7[COMMON] unsigned long 
 Auto vars:     Size  Location     Type
  quotient        4    0[BANK0 ] unsigned long 
  counter         1    4[BANK0 ] unsigned char 
 Return value:  Size  Location     Type
                  4    3[COMMON] unsigned long 
 Registers used:
		wreg, status,2, status,0, btemp+1
 Tracked objects:
		On entry : 
		On exit  : 
		Unchanged: 
 Data sizes:     COMMON   BANK0   BANK1   BANK3   BANK2
      Params:         8       0       0       0       0
      Locals:         0       5       0       0       0
      Temps:          1       0       0       0       0
      Totals:         9       5       0       0       0
Total ram usage:       14 bytes
 Hardware stack levels used:    1
 This function calls:
		Nothing
 This function is called by:
		_Scheduler_ActivateTask
 This function uses a non-reentrant model


 *************** function i1___bmul *****************
 Defined at:
		line 4 in file "C:\Program Files (x86)\Microchip\xc8\v2.20\pic\sources\c90\common\Umul8.c"
 Parameters:    Size  Location     Type
  multiplier      1    wreg     unsigned char 
  multiplicand    1    0[COMMON] unsigned char 
 Auto vars:     Size  Location     Type
  multiplier      1    2[COMMON] unsigned char 
  product         1    1[COMMON] unsigned char 
 Return value:  Size  Location     Type
                  1    wreg      unsigned char 
 Registers used:
		wreg, status,2, status,0, btemp+1
 Tracked objects:
		On entry : 
		On exit  : 
		Unchanged: 
 Data sizes:     COMMON   BANK0   BANK1   BANK3   BANK2
      Params:         1       0       0       0       0
      Locals:         2       0       0       0       0
      Temps:          0       0       0       0       0
      Totals:         3       0       0       0       0
Total ram usage:        3 bytes
 Hardware stack levels used:    1
 This function calls:
		Nothing
 This function is called by:
		_Scheduler_ActivateTask
 This function uses a non-reentrant model


 *************** function ___llmod *****************
 Defined at:
		line 5 in file "C:\Program Files (x86)\Microchip\xc8\v2.20\pic\sources\c90\common\llmod.c"
 Parameters:    Size  Location     Type
  divisor         4    5[BANK0 ] unsigned long 
  dividend        4    9[BANK0 ] unsigned long 
 Auto vars:     Size  Location     Type
  counter         1   13[COMMON] unsigned char 
 Return value:  Size  Location     Type
                  4    5[BANK0 ] unsigned long 
 Registers used:
		wreg, status,2, status,0, btemp+1
 Tracked objects:
		On entry : 
		On exit  : 
		Unchanged: 
 Data sizes:     COMMON   BANK0   BANK1   BANK3   BANK2
      Params:         0       8       0       0       0
      Locals:         1       0       0       0       0
      Temps:          1       0       0       0       0
      Totals:         2       8       0       0       0
Total ram usage:       10 bytes
 Hardware stack levels used:    1
 This function calls:
		Nothing
 This function is called by:
		_Scheduler_ActivateTask
 This function uses a non-reentrant model


 *************** function _EXTI_On_Off_CallBack *****************
 Defined at:
		line 22 in file "Buttons/Buttons.c"
 Parameters:    Size  Location     Type
		None
 Auto vars:     Size  Location     Type
		None
 Return value:  Size  Location     Type
                  1    wreg      void 
 Registers used:
		wreg, status,2, status,0
 Tracked objects:
		On entry : 
		On exit  : 
		Unchanged: 
 Data sizes:     COMMON   BANK0   BANK1   BANK3   BANK2
      Params:         0       0       0       0       0
      Locals:         0       0       0       0       0
      Temps:          0       0       0       0       0
      Totals:         0       0       0       0       0
Total ram usage:        0 bytes
 Hardware stack levels used:    1
 This function calls:
		Nothing
 This function is called by:
		_myISR
 This function uses a non-reentrant model



MODULE INFORMATION

Module		Function		Class		Link	Load	Size
SSD/SSD.c
		_SSD_Init      		CODE           	0842	0000	14
		_SSD_Blink     		CODE           	0B83	0000	60
		_SSD_MainFunction		CODE           	0517	0000	257

SSD/SSD.c estimated size: 331

Average/Average.c
		_Average_Value 		CODE           	074D	0000	153

Average/Average.c estimated size: 153

C:\Program Files (x86)\Microchip\xc8\v2.20\pic\sources\c90\common\Umul8_16.c
		__Umul8_16     		CODE           	09FC	0000	42

C:\Program Files (x86)\Microchip\xc8\v2.20\pic\sources\c90\common\Umul8_16.c estimated size: 42

Scheduler/Scheduler.c
		_Scheduler_ActivateTask		CODE           	0E3F	0000	103
		_Scheduler_Init		CODE           	085E	0000	17
		_Scheduler_Start		CODE           	0B10	0000	58

Scheduler/Scheduler.c estimated size: 178

EEPROM/EEPROM.c
		_EEPROM_Read   		CODE           	0AA4	0000	54
		_EEPROM_Write  		CODE           	092B	0000	32
		_Get_EEPROM_Data		CODE           	0BFA	0000	69
		_Set_EEPROM_Data		CODE           	088E	0000	21

EEPROM/EEPROM.c estimated size: 176

C:\Program Files (x86)\Microchip\xc8\v2.20\pic\sources\c90\common\lwmod.c
		___lwmod       		CODE           	0BBE	0000	61

C:\Program Files (x86)\Microchip\xc8\v2.20\pic\sources\c90\common\lwmod.c estimated size: 61

ADC/ADC.c
		_ADC_Conv_MainFunction		CODE           	090F	0000	29
		_ADC_Value_Ready_CallBack		CODE           	0819	0000	10
		_ADC_Start_Conv		CODE           	17F7	0000	10
		_ADC_Init      		CODE           	07E5	0000	28

ADC/ADC.c estimated size: 77

C:\Program Files (x86)\Microchip\xc8\v2.20\pic\sources\c90\common\awmod.c
		___awmod       		CODE           	0D29	0000	92

C:\Program Files (x86)\Microchip\xc8\v2.20\pic\sources\c90\common\awmod.c estimated size: 92

I2C/I2C.c
		_delay         		CODE           	0822	0000	11
		_I2c_Start     		CODE           	08B7	0000	22
		_I2c_Write     		CODE           	0C3E	0000	72
		_I2c_Stop      		CODE           	08CC	0000	22
		_I2c_Read      		CODE           	0D84	0000	94

I2C/I2C.c estimated size: 221

C:\Program Files (x86)\Microchip\xc8\v2.20\pic\sources\c90\common\llmod.c
		___llmod       		CODE           	0CD3	0000	87

C:\Program Files (x86)\Microchip\xc8\v2.20\pic\sources\c90\common\llmod.c estimated size: 87

WaterHeater_Mode/WaterHeater_Mode.c
		_Mode_MainFunction		CODE           	0DE1	0000	95
		_Mode_Init     		CODE           	17E5	0000	5
		_Start_Setting_Timer		CODE           	0A25	0000	42

WaterHeater_Mode/WaterHeater_Mode.c estimated size: 142

Elements/Elements.c
		_Elements_Init 		CODE           	084F	0000	16
		_LED_BLINKING  		CODE           	0A4E	0000	43
		_LED_MainFunction		CODE           	0AD9	0000	56
		_Elements_MainFunction		CODE           	0C85	0000	79

Elements/Elements.c estimated size: 194

gpio/gpio.c
		_GPIO_Init     		CODE           	094A	0000	34

gpio/gpio.c estimated size: 34

C:\Program Files (x86)\Microchip\xc8\v2.20\pic\sources\c90\common\xxtofl.c
		___xxtofl      		CODE           	040C	0000	268

C:\Program Files (x86)\Microchip\xc8\v2.20\pic\sources\c90\common\xxtofl.c estimated size: 268

shared
		__stringtab    		STRING         	0800	0000	7
		_Scheduler_Intitys		STRING         	0806	0000	16
		i1___lldiv     		CODE           	0EA5	0000	105
		__initialization		CODE           	0015	0000	42
		__fptable      		ENTRY          	0042	0000	16
		i1___bmul      		CODE           	08A2	0000	22

shared estimated size: 208

C:\Program Files (x86)\Microchip\xc8\v2.20\pic\sources\c90\common\sprcmul.c
		___flmul       		CODE           	0051	0000	956

C:\Program Files (x86)\Microchip\xc8\v2.20\pic\sources\c90\common\sprcmul.c estimated size: 956

C:\Program Files (x86)\Microchip\xc8\v2.20\pic\sources\c90\common\memset.c
		_memset        		CODE           	096B	0000	35

C:\Program Files (x86)\Microchip\xc8\v2.20\pic\sources\c90\common\memset.c estimated size: 35

C:\Program Files (x86)\Microchip\xc8\v2.20\pic\sources\c90\common\__lldiv.c
		___lldiv       		CODE           	0F76	0000	139

C:\Program Files (x86)\Microchip\xc8\v2.20\pic\sources\c90\common\__lldiv.c estimated size: 139

Scheduler/Tasks.c
		_Scheduler_Task1		CODE           	082C	0000	12
		_Scheduler_Task2		CODE           	0837	0000	12
		_Scheduler_Task3		CODE           	086E	0000	17

Scheduler/Tasks.c estimated size: 41

C:\Program Files (x86)\Microchip\xc8\v2.20\pic\sources\c90\common\awdiv.c
		___awdiv       		CODE           	0F0D	0000	106

C:\Program Files (x86)\Microchip\xc8\v2.20\pic\sources\c90\common\awdiv.c estimated size: 106

Interrupt/Interrupt.c
		_myISR         		CODE           	098D	0000	37

Interrupt/Interrupt.c estimated size: 37

C:\Program Files (x86)\Microchip\xc8\v2.20\pic\sources\c90\common\fltol.c
		___fltol       		CODE           	0617	0000	159

C:\Program Files (x86)\Microchip\xc8\v2.20\pic\sources\c90\common\fltol.c estimated size: 159

C:\Program Files (x86)\Microchip\xc8\v2.20\pic\sources\c90\common\Umul8.c
		___bmul        		CODE           	08F8	0000	24

C:\Program Files (x86)\Microchip\xc8\v2.20\pic\sources\c90\common\Umul8.c estimated size: 24

Buttons/Buttons.c
		_Buttons_MainFunction		CODE           	09B1	0000	37
		_EXTI_On_Off_CallBack		CODE           	08E1	0000	24
		_On_Off_Init   		CODE           	17E9	0000	7

Buttons/Buttons.c estimated size: 68

Temperature/Temperature.c
		_Temperature_Calc		CODE           	06B5	0000	153

Temperature/Temperature.c estimated size: 153

main.c
		_main          		CODE           	0B49	0000	59

main.c estimated size: 59

Timer/Timer.c
		_Timer0_Init   		CODE           	087E	0000	17
		_Timer0_CallBack		CODE           	0A78	0000	45

Timer/Timer.c estimated size: 62

C:\Program Files (x86)\Microchip\xc8\v2.20\pic\sources\c90\common\Umul16.c
		___wmul        		CODE           	09D5	0000	40

C:\Program Files (x86)\Microchip\xc8\v2.20\pic\sources\c90\common\Umul16.c estimated size: 40

