Microchip MPLAB XC8 Compiler V2.20

Linker command line:

-W-3 --edf=C:\Program Files (x86)\Microchip\xc8\v2.20\pic\dat\en_msgs.txt \
  -cn -h+dist/default/production\Water_Heater.X.production.sym \
  --cmf=dist/default/production\Water_Heater.X.production.cmf -z -Q16F877A \
  -oC:\Users\ABDALA~1\AppData\Local\Temp\s96o.2 --defsym=__MPLAB_BUILD=1 \
  -Mdist/default/production/Water_Heater.X.production.map -E1 \
  -ver=XC8 Compiler --acfsm=1493 -ASTACK=0110h-016Fh -pstack=STACK \
  -ACODE=00h-07FFhx4 -ASTRCODE=00h-01FFFh -ASTRING=00h-0FFhx32 \
  -ACONST=00h-0FFhx32 -AENTRY=00h-0FFhx32 -ACOMMON=070h-07Fh \
  -ABANK0=020h-06Fh -ABANK1=0A0h-0EFh -ABANK2=0110h-016Fh \
  -ABANK3=0190h-01EFh -ARAM=020h-06Fh,0A0h-0EFh,0110h-016Fh,0190h-01EFh \
  -AABS1=020h-07Fh,0A0h-0EFh,0110h-016Fh,0190h-01EFh -ASFR0=00h-01Fh \
  -ASFR1=080h-09Fh -ASFR2=0100h-010Fh -ASFR3=0180h-018Fh \
  -ACONFIG=02007h-02007h -DCONFIG=2 -AIDLOC=02000h-02003h -DIDLOC=2 \
  -preset_vec=00h,intentry=04h,init,end_init -ppowerup=CODE -pcinit=CODE \
  -pfunctab=ENTRY -AEEDATA=00h-0FFh/02100h -peeprom_data=EEDATA -DEEDATA=2 \
  -DCODE=2 -DSTRCODE=2 -DSTRING=2 -DCONST=2 -DENTRY=2 -k \
  C:\Users\ABDALA~1\AppData\Local\Temp\s96o.o \
  dist/default/production\Water_Heater.X.production.o 

Object code version is 3.11

Machine type is 16F877A



                Name                               Link     Load   Length Selector   Space Scale
C:\Users\ABDALA~1\AppData\Local\Temp\s96o.o
                end_init                             12       12        3        8       0
                reset_vec                             0        0        3        0       0
                config                             2007     2007        1        0       4
dist/default/production\Water_Heater.X.production.o
                cinit                                15       15       36        8       0
                functab                              4B       4B        F       96       0
                intentry                              4        4        E        8       0
                config                             2007     2007        1        0       4
                text51                              8D5      8D5       17     11AA       0
                text50                              C28      C28       56     1850       0
                text49                              8C0      8C0       15     1180       0
                text48                              E4B      E4B       68     1C96       0
                text47                              F1C      F1C       6E     1E38       0
                text46                              909      909       1E     1212       0
                text45                              9A7      9A7       24     134E       0
                text44                              8EC      8EC       1D     11D8       0
                text43                              834      834        D     1068       0
                text42                              841      841        D     1082       0
                text41                              84E      84E        F     109C       0
                text40                              964      964       21     12C8       0
                text39                              81F      81F        A     103E       0
                text38                              79D      79D       60       B4       0
                text37                              89C      89C       12     1138       0
                text36                              8AE      8AE       12     115C       0
                text35                              BDC      BDC       4C     17B8       0
                text34                              CD4      CD4       59     19A8       0
                text33                              C7E      C7E       56     18FC       0
                text32                             17EC     17EC        4     2FD8       0
                text31                             17F4     17F4        6     2FE8       0
                text30                              985      985       22     130A       0
                text29                              86C      86C       10     10D8       0
                text28                              9F1      9F1       27     13E2       0
                text27                              B12      B12       40     1624       0
                text26                              EB3      EB3       69     1D66       0
                text25                              D2D      D2D       5B     1A5A       0
                text24                              3BB      3BB      10A       B4       0
                text23                              725      725       78       B4       0
                text22                              B94      B94       48     1728       0
                text21                              581      581       B0       B4       0
                text20                              A18      A18       29     1430       0
                text19                               5A       5A      361       B4       0
                text18                              631      631       7C       B4       0
                text17                              4C5      4C5       BC       B4       0
                text16                              6AD      6AD       78       B4       0
                text15                              85D      85D        F     10BA       0
                text14                              927      927       1E     124E       0
                text13                              A6E      A6E       30     14DC       0
                text12                              B52      B52       42     16A4       0
                text11                              DE6      DE6       65     1BCC       0
                text10                              9CB      9CB       26     1396       0
                text9                               A41      A41       2D     1482       0
                text8                               F8A      F8A       76     1F14       0
                text7                               D88      D88       5E     1B10       0
                text6                               87C      87C       10     10F8       0
                text5                              17FA     17FA        6     2FF4       0
                text4                               829      829        B     1052       0
                text3                               945      945       1F     128A       0
                text2                               A9E      A9E       39     153C       0
                text1                               88C      88C       10     1118       0
                maintext                            AD7      AD7       3B     15AE       0
                cstackBANK0                          20       20       1B       20       1
                cstackCOMMON                         70       70        E       70       1
                cstackBANK1                          A0       A0       3A       A0       1
                clrtext                             817      817        8     102E       0
                bssBANK3                            190      190       28      190       1
                bssBANK1                             DA       DA        6       A0       1
                dataBANK0                            52       52        4       20       1
                bssBANK0                             3B       3B       17       20       1
                strings                             800      800       15     1000       0
                idataBANK0                         17F0     17F0        4     2FE0       0

TOTAL           Name                               Link     Load   Length     Space
        CLASS   STACK          

        CLASS   CODE           
                end_init                             12       12        3         0
                cinit                                15       15       36         0
                intentry                              4        4        E         0
                reset_vec                             0        0        3         0
                text51                              8D5      8D5       17         0
                text50                              C28      C28       56         0
                text49                              8C0      8C0       15         0
                text48                              E4B      E4B       68         0
                text47                              F1C      F1C       6E         0
                text46                              909      909       1E         0
                text45                              9A7      9A7       24         0
                text44                              8EC      8EC       1D         0
                text43                              834      834        D         0
                text42                              841      841        D         0
                text41                              84E      84E        F         0
                text40                              964      964       21         0
                text39                              81F      81F        A         0
                text38                              79D      79D       60         0
                text37                              89C      89C       12         0
                text36                              8AE      8AE       12         0
                text35                              BDC      BDC       4C         0
                text34                              CD4      CD4       59         0
                text33                              C7E      C7E       56         0
                text32                             17EC     17EC        4         0
                text31                             17F4     17F4        6         0
                text30                              985      985       22         0
                text29                              86C      86C       10         0
                text28                              9F1      9F1       27         0
                text27                              B12      B12       40         0
                text26                              EB3      EB3       69         0
                text25                              D2D      D2D       5B         0
                text24                              3BB      3BB      10A         0
                text23                              725      725       78         0
                text22                              B94      B94       48         0
                text21                              581      581       B0         0
                text20                              A18      A18       29         0
                text19                               5A       5A      361         0
                text18                              631      631       7C         0
                text17                              4C5      4C5       BC         0
                text16                              6AD      6AD       78         0
                text15                              85D      85D        F         0
                text14                              927      927       1E         0
                text13                              A6E      A6E       30         0
                text12                              B52      B52       42         0
                text11                              DE6      DE6       65         0
                text10                              9CB      9CB       26         0
                text9                               A41      A41       2D         0
                text8                               F8A      F8A       76         0
                text7                               D88      D88       5E         0
                text6                               87C      87C       10         0
                text5                              17FA     17FA        6         0
                text4                               829      829        B         0
                text3                               945      945       1F         0
                text2                               A9E      A9E       39         0
                text1                               88C      88C       10         0
                maintext                            AD7      AD7       3B         0
                clrtext                             817      817        8         0
                idataBANK0                         17F0     17F0        4         0

        CLASS   STRCODE        

        CLASS   STRING         
                strings                             800      800       15         0

        CLASS   CONST          

        CLASS   ENTRY          
                functab                              4B       4B        F         0

        CLASS   COMMON         
                cstackCOMMON                         70       70        E         1

        CLASS   BANK0          
                cstackBANK0                          20       20       1B         1
                dataBANK0                            52       52        4         1
                bssBANK0                             3B       3B       17         1

        CLASS   BANK1          
                cstackBANK1                          A0       A0       3A         1
                bssBANK1                             DA       DA        6         1

        CLASS   BANK2          

        CLASS   BANK3          
                bssBANK3                            190      190       28         1

        CLASS   RAM            

        CLASS   ABS1           
                abs_s1                               7E       7E        2         1

        CLASS   SFR0           

        CLASS   SFR1           

        CLASS   SFR2           

        CLASS   SFR3           

        CLASS   CONFIG         
                config                             2007     2007        1         4

        CLASS   IDLOC          

        CLASS   EEDATA         



SEGMENTS        Name                           Load    Length   Top    Selector   Space  Class     Delta

                reset_vec                      000000  000003  000003         0       0  CODE        2
                intentry                       000004  000047  00004B         8       0  CODE        2
                cstackBANK0                    000020  000036  000056        20       1  BANK0       1
                cstackCOMMON                   000070  00000E  00007E        70       1  COMMON      1
                functab                        00004B  00000F  00005A        96       0  ENTRY       2
                cstackBANK1                    0000A0  000040  0000E0        A0       1  BANK1       1
                text19                         00005A  0007A3  0007FD        B4       0  CODE        2
                bssBANK3                       000190  000028  0001B8       190       1  BANK3       1
                strings                        000800  000015  000815      1000       0  STRING      2
                clrtext                        000817  000008  00081F      102E       0  CODE        2
                text39                         00081F  00000A  000829      103E       0  CODE        2
                text4                          000829  00000B  000834      1052       0  CODE        2
                text43                         000834  00000D  000841      1068       0  CODE        2
                text42                         000841  00000D  00084E      1082       0  CODE        2
                text41                         00084E  00000F  00085D      109C       0  CODE        2
                text15                         00085D  00000F  00086C      10BA       0  CODE        2
                text29                         00086C  000010  00087C      10D8       0  CODE        2
                text6                          00087C  000010  00088C      10F8       0  CODE        2
                text1                          00088C  000010  00089C      1118       0  CODE        2
                text37                         00089C  000012  0008AE      1138       0  CODE        2
                text36                         0008AE  000012  0008C0      115C       0  CODE        2
                text49                         0008C0  000015  0008D5      1180       0  CODE        2
                text51                         0008D5  000017  0008EC      11AA       0  CODE        2
                text44                         0008EC  00001D  000909      11D8       0  CODE        2
                text46                         000909  00001E  000927      1212       0  CODE        2
                text14                         000927  00001E  000945      124E       0  CODE        2
                text3                          000945  00001F  000964      128A       0  CODE        2
                text40                         000964  000021  000985      12C8       0  CODE        2
                text30                         000985  000022  0009A7      130A       0  CODE        2
                text45                         0009A7  000024  0009CB      134E       0  CODE        2
                text10                         0009CB  000026  0009F1      1396       0  CODE        2
                text28                         0009F1  000027  000A18      13E2       0  CODE        2
                text20                         000A18  000029  000A41      1430       0  CODE        2
                text9                          000A41  00002D  000A6E      1482       0  CODE        2
                text13                         000A6E  000030  000A9E      14DC       0  CODE        2
                text2                          000A9E  000039  000AD7      153C       0  CODE        2
                maintext                       000AD7  00003B  000B12      15AE       0  CODE        2
                text27                         000B12  000040  000B52      1624       0  CODE        2
                text12                         000B52  000042  000B94      16A4       0  CODE        2
                text22                         000B94  000048  000BDC      1728       0  CODE        2
                text35                         000BDC  00004C  000C28      17B8       0  CODE        2
                text50                         000C28  000056  000C7E      1850       0  CODE        2
                text33                         000C7E  000056  000CD4      18FC       0  CODE        2
                text34                         000CD4  000059  000D2D      19A8       0  CODE        2
                text25                         000D2D  00005B  000D88      1A5A       0  CODE        2
                text7                          000D88  00005E  000DE6      1B10       0  CODE        2
                text11                         000DE6  000065  000E4B      1BCC       0  CODE        2
                text48                         000E4B  000068  000EB3      1C96       0  CODE        2
                text26                         000EB3  000069  000F1C      1D66       0  CODE        2
                text47                         000F1C  00006E  000F8A      1E38       0  CODE        2
                text8                          000F8A  000076  001000      1F14       0  CODE        2
                text32                         0017EC  000004  0017F0      2FD8       0  CODE        2
                idataBANK0                     0017F0  000004  0017F4      2FE0       0  CODE        2
                text31                         0017F4  000006  0017FA      2FE8       0  CODE        2
                text5                          0017FA  000006  001800      2FF4       0  CODE        2


UNUSED ADDRESS RANGES

        Name                Unused          Largest block    Delta
        BANK0            0056-006F             1A           1
        BANK1            00E0-00EF             10           1
        BANK2            0110-016F             60           1
        BANK3            01B8-01EF             38           1
        CODE             0003-0003              1           2
                         07FD-07FF              3
                         0815-0816              2
                         1000-17EB            7EC
                         1800-1FFF            800
        CONST            0003-0003              1           2
                         07FD-07FF              3
                         0815-0816              2
                         1000-17EB            100
                         1800-1FFF            100
        EEDATA           2100-21FF            100           2
        ENTRY            0003-0003              1           2
                         07FD-07FF              3
                         0815-0816              2
                         1000-17EB            100
                         1800-1FFF            100
        IDLOC            2000-2003              4           2
        RAM              0056-006F             1A           1
                         00E0-00EF             10
                         0110-016F             60
                         01B8-01EF             38
        SFR0             0000-001F             20           1
        SFR1             0080-009F             20           1
        SFR2             0100-010F             10           1
        SFR3             0180-018F             10           1
        STACK            0110-016F             60           1
        STRCODE          0003-0003              1           2
                         07FD-07FF              3
                         0815-0816              2
                         1000-17EB            7EC
                         1800-1FFF            800
        STRING           0003-0003              1           2
                         07FD-07FF              3
                         0815-0816              2
                         1000-17EB            100
                         1800-1FFF            100

                                  Symbol Table

?__Umul8_16                                cstackBANK1  00A0
?___awdiv                                  cstackBANK1  00A0
?___awmod                                  cstackBANK1  00A0
?___flmul                                  cstackBANK1  00AE
?___fltol                                  cstackBANK1  00C8
?___lldiv                                  cstackBANK1  00A0
?___llmod                                  cstackBANK0  0025
?___lwmod                                  cstackBANK1  00A0
?___wmul                                   cstackBANK1  00A0
?___xxtofl                                 cstackBANK1  00A0
?i1___lldiv                                cstackCOMMON 0073
ADC_Value_Ready_CallBack@ADC_Value         cstackBANK1  00D7
Average_Value@Avrage_Values                cstackBANK1  00AD
Average_Value@Value                        cstackBANK1  00B3
Average_Value@index                        cstackBANK1  00B4
Display_Blink@Counter                      dataBANK0    0053
Display_Blink@Task_Peroid                  cstackBANK1  00A8
Display_Blink@Times_Ms                     cstackBANK1  00A6
Display_MainFunction@Digit_1               bssBANK0     004A
Display_MainFunction@Digit_2               bssBANK0     0049
Display_MainFunction@Display               bssBANK0     0047
Display_MainFunction@Enable_Digit_Selector dataBANK0    0054
Display_MainFunction@Tempreture            bssBANK0     0048
Get_EEPROM_Data@Flag                       cstackBANK1  00AA
Get_EEPROM_Data@Temp                       cstackBANK1  00AB
LED_BLINKING@Counter                       dataBANK0    0052
LED_BLINKING@Task_Peroid                   cstackBANK1  00A8
LED_BLINKING@Time_Ms                       cstackBANK1  00A6
Scheduler_ActivateTask@IntityIndex         cstackBANK0  0035
Scheduler_ActivateTask@SystemTick          cstackBANK0  002D
Scheduler_ActivateTask@SystemTick_Loc      cstackBANK0  0031
Scheduler_Start@IntityIndex                cstackBANK1  00D9
Set_EEPROM_Data@ah                         bssBANK0     0045
Set_EEPROM_Data@al                         bssBANK0     0044
Set_EEPROM_Data@nt                         bssBANK0     0043
Start_Setting_Timer@Peroid_Task            cstackBANK1  00A8
Start_Setting_Timer@Timer_Ms               cstackBANK1  00A6
Temperature_Calc@ADC_VALUE                 cstackBANK1  00D6
_ADCON0bits                                (abs)        001F
_ADCON1bits                                (abs)        009F
_ADC_Conv_MainFunction                     text14       0927
_ADC_Info                                  bssBANK1     00DC
_ADC_Init                                  text44       08EC
_ADC_Start_Conv                            text43       0834
_ADC_Value_Ready_CallBack                  text15       085D
_ADRESH                                    (abs)        001E
_ADRESL                                    (abs)        009E
_Average_Nvalues                           dataBANK0    0055
_Average_Value                             text21       0581
_Avrage_buffer                             bssBANK0     003F
_Display_Blink                             text27       0B12
_Display_Init                              text42       0841
_Display_MainFunction                      text24       03BB
_EEPROM_Data                               bssBANK0     0046
_EXTI_On_Off_CallBack                      text51       08D5
_Elements_Init                             text41       084E
_Elements_MainFunction                     text11       0DE6
_Enable_Display                            bssBANK0     004C
_GPIO_Init                                 text40       0964
_Get_EEPROM_Data                           text33       0C7E
_INTCONbits                                (abs)        000B
_INTEDG                                    (abs)        040E
_LED_BLINKING                              text13       0A6E
_LED_MainFunction                          text12       0B52
_LED_Status                                bssBANK0     004B
_Mode                                      bssBANK1     00DA
_Mode_Init                                 text32       17EC
_Mode_MainFunction                         text8        0F8A
_OPTION_REGbits                            (abs)        0081
_On_Off_Init                               text31       17F4
_PORTA                                     (abs)        0005
_PORTB                                     (abs)        0006
_PORTC                                     (abs)        0007
_PORTCbits                                 (abs)        0007
_PORTD                                     (abs)        0008
_Read_UP_DOWN_BUTTONS                      text10       09CB
_Scheduler_ActivateTask                    text47       0F1C
_Scheduler_ActivationFlags                 bssBANK1     00DD
_Scheduler_Init                            text29       086C
_Scheduler_Intitys                         strings      0806
_Scheduler_Start                           text2        0A9E
_Scheduler_Task1                           text5        17FA
_Scheduler_Task2                           text4        0829
_Scheduler_Task3                           text6        087C
_Set_EEPROM_Data                           text7        0D88
_Start_Setting_Timer                       text9        0A41
_TMR0                                      (abs)        0001
_TRISA                                     (abs)        0085
_TRISB                                     (abs)        0086
_TRISC                                     (abs)        0087
_TRISCbits                                 (abs)        0087
_TRISD                                     (abs)        0088
_Temperature                               bssBANK0     004D
_Temperature_Calc                          text16       06AD
_Tick_Num                                  bssBANK0     003B
_Timer0_CallBack                           text46       0909
_Timer0_Init                               text1        088C
__Habs1                                    abs1         0000
__Hbank0                                   bank0        0000
__Hbank1                                   bank1        0000
__Hbank2                                   bank2        0000
__Hbank3                                   bank3        0000
__HbssBANK0                                bssBANK0     0000
__HbssBANK1                                bssBANK1     0000
__HbssBANK3                                bssBANK3     0000
__Hcinit                                   cinit        004B
__Hclrtext                                 clrtext      0000
__Hcode                                    code         0000
__Hcommon                                  common       0000
__Hconfig                                  config       2008
__HcstackBANK0                             cstackBANK0  0000
__HcstackBANK1                             cstackBANK1  0000
__HcstackCOMMON                            cstackCOMMON 0000
__HdataBANK0                               dataBANK0    0000
__Heeprom_data                             eeprom_data  0000
__Hend_init                                end_init     0015
__Hfunctab                                 functab      005A
__HidataBANK0                              idataBANK0   0000
__Hinit                                    init         0012
__Hintentry                                intentry     0012
__Hmaintext                                maintext     0000
__Hpowerup                                 powerup      0000
__Hram                                     ram          0000
__Hreset_vec                               reset_vec    0003
__Hsfr0                                    sfr0         0000
__Hsfr1                                    sfr1         0000
__Hsfr2                                    sfr2         0000
__Hsfr3                                    sfr3         0000
__Hspace_0                                 (abs)        1800
__Hspace_1                                 (abs)        01B8
__Hspace_2                                 (abs)        0000
__Hspace_3                                 (abs)        0000
__Hspace_4                                 (abs)        400F
__Hstack                                   stack        0000
__Hstrings                                 strings      0000
__Htext                                    text         0000
__Labs1                                    abs1         0000
__Lbank0                                   bank0        0000
__Lbank1                                   bank1        0000
__Lbank2                                   bank2        0000
__Lbank3                                   bank3        0000
__LbssBANK0                                bssBANK0     0000
__LbssBANK1                                bssBANK1     0000
__LbssBANK3                                bssBANK3     0000
__Lcinit                                   cinit        0015
__Lclrtext                                 clrtext      0000
__Lcode                                    code         0000
__Lcommon                                  common       0000
__Lconfig                                  config       0000
__LcstackBANK0                             cstackBANK0  0000
__LcstackBANK1                             cstackBANK1  0000
__LcstackCOMMON                            cstackCOMMON 0000
__LdataBANK0                               dataBANK0    0000
__Leeprom_data                             eeprom_data  0000
__Lend_init                                end_init     0012
__Lfunctab                                 functab      004B
__LidataBANK0                              idataBANK0   0000
__Linit                                    init         0012
__Lintentry                                intentry     0004
__Lmaintext                                maintext     0000
__Lpowerup                                 powerup      0000
__Lram                                     ram          0000
__Lreset_vec                               reset_vec    0000
__Lsfr0                                    sfr0         0000
__Lsfr1                                    sfr1         0000
__Lsfr2                                    sfr2         0000
__Lsfr3                                    sfr3         0000
__Lspace_0                                 (abs)        0000
__Lspace_1                                 (abs)        0000
__Lspace_2                                 (abs)        0000
__Lspace_3                                 (abs)        0000
__Lspace_4                                 (abs)        0000
__Lstack                                   stack        0000
__Lstrings                                 strings      0000
__Ltext                                    text         0000
__S0                                       (abs)        1800
__S1                                       (abs)        01B8
__S2                                       (abs)        0000
__S3                                       (abs)        0000
__Umul8_16                                 text20       0A18
__Umul8_16@multiplicand                    cstackBANK1  00A0
__Umul8_16@multiplier                      cstackBANK1  00A8
__Umul8_16@product                         cstackBANK1  00A4
__Umul8_16@word_mpld                       cstackBANK1  00A6
___awdiv                                   text26       0EB3
___awdiv@counter                           cstackBANK1  00A4
___awdiv@dividend                          cstackBANK1  00A2
___awdiv@divisor                           cstackBANK1  00A0
___awdiv@quotient                          cstackBANK1  00A6
___awdiv@sign                              cstackBANK1  00A5
___awmod                                   text25       0D2D
___awmod@counter                           cstackBANK1  00A4
___awmod@dividend                          cstackBANK1  00A2
___awmod@divisor                           cstackBANK1  00A0
___awmod@sign                              cstackBANK1  00A5
___bmul                                    text3        0945
___bmul@multiplicand                       cstackBANK0  003A
___bmul@multiplier                         cstackBANK1  00A1
___bmul@product                            cstackBANK1  00A0
___flmul                                   text19       005A
___flmul@a                                 cstackBANK1  00B2
___flmul@aexp                              cstackBANK1  00BC
___flmul@b                                 cstackBANK1  00AE
___flmul@bexp                              cstackBANK1  00C1
___flmul@grs                               cstackBANK1  00BD
___flmul@prod                              cstackBANK1  00C2
___flmul@sign                              cstackBANK1  00BB
___flmul@temp                              cstackBANK1  00C6
___fltol                                   text18       0631
___fltol@exp1                              cstackBANK1  00D1
___fltol@f1                                cstackBANK1  00C8
___fltol@sign1                             cstackBANK1  00D0
___int_sp                                  stack        0000
___latbits                                 (abs)        0002
___lldiv                                   text23       0725
___lldiv@counter                           cstackBANK1  00AC
___lldiv@dividend                          cstackBANK1  00A4
___lldiv@divisor                           cstackBANK1  00A0
___lldiv@quotient                          cstackBANK1  00A8
___llmod                                   text50       0C28
___llmod@counter                           cstackCOMMON 007D
___llmod@dividend                          cstackBANK0  0029
___llmod@divisor                           cstackBANK0  0025
___lwmod                                   text22       0B94
___lwmod@counter                           cstackBANK0  003A
___lwmod@dividend                          cstackBANK1  00A2
___lwmod@divisor                           cstackBANK1  00A0
___sp                                      stack        0000
___stackhi                                 (abs)        0000
___stacklo                                 (abs)        0000
___wmul                                    text28       09F1
___wmul@multiplicand                       cstackBANK1  00A2
___wmul@multiplier                         cstackBANK1  00A0
___wmul@product                            cstackBANK1  00A4
___xxtofl                                  text17       04C5
___xxtofl@arg                              cstackBANK1  00AA
___xxtofl@exp                              cstackBANK1  00A9
___xxtofl@sign                             cstackBANK1  00A8
___xxtofl@val                              cstackBANK1  00A0
__end_of_ADC_Conv_MainFunction             text14       0945
__end_of_ADC_Init                          text44       0909
__end_of_ADC_Start_Conv                    text43       0841
__end_of_ADC_Value_Ready_CallBack          text15       086C
__end_of_Average_Value                     text21       0631
__end_of_Display_Blink                     text27       0B52
__end_of_Display_Init                      text42       084E
__end_of_Display_MainFunction              text24       04C5
__end_of_EXTI_On_Off_CallBack              text51       08EC
__end_of_Elements_Init                     text41       085D
__end_of_Elements_MainFunction             text11       0E4B
__end_of_GPIO_Init                         text40       0985
__end_of_Get_EEPROM_Data                   text33       0CD4
__end_of_LED_BLINKING                      text13       0A9E
__end_of_LED_MainFunction                  text12       0B94
__end_of_Mode_Init                         text32       17F0
__end_of_Mode_MainFunction                 text8        1000
__end_of_On_Off_Init                       text31       17FA
__end_of_Read_UP_DOWN_BUTTONS              text10       09F1
__end_of_Scheduler_ActivateTask            text47       0F8A
__end_of_Scheduler_Init                    text29       087C
__end_of_Scheduler_Intitys                 strings      0815
__end_of_Scheduler_Start                   text2        0AD7
__end_of_Scheduler_Task1                   text5        1800
__end_of_Scheduler_Task2                   text4        0834
__end_of_Scheduler_Task3                   text6        088C
__end_of_Set_EEPROM_Data                   text7        0DE6
__end_of_Start_Setting_Timer               text9        0A6E
__end_of_Temperature_Calc                  text16       0725
__end_of_Timer0_CallBack                   text46       0927
__end_of_Timer0_Init                       text1        089C
__end_of__Umul8_16                         text20       0A41
__end_of___awdiv                           text26       0F1C
__end_of___awmod                           text25       0D88
__end_of___bmul                            text3        0964
__end_of___flmul                           text19       03BB
__end_of___fltol                           text18       06AD
__end_of___lldiv                           text23       079D
__end_of___llmod                           text50       0C7E
__end_of___lwmod                           text22       0BDC
__end_of___wmul                            text28       0A18
__end_of___xxtofl                          text17       0581
__end_of__fptable                          functab      005A
__end_of__initialization                   cinit        0047
__end_of__stringtab                        strings      0806
__end_of_delay                             text39       0829
__end_of_e2pext_r                          text34       0D2D
__end_of_i2c_rb                            text38       07FD
__end_of_i2c_start                         text37       08AE
__end_of_i2c_stop                          text36       08C0
__end_of_i2c_wb                            text35       0C28
__end_of_main                              maintext     0B12
__end_of_memset                            text30       09A7
__end_of_myISR                             text45       09CB
__end_ofi1___bmul                          text49       08D5
__end_ofi1___lldiv                         text48       0EB3
__fptable                                  functab      004B
__initialization                           cinit        0015
__pbssBANK0                                bssBANK0     003B
__pbssBANK1                                bssBANK1     00DA
__pbssBANK3                                bssBANK3     0190
__pcstackBANK0                             cstackBANK0  0020
__pcstackBANK1                             cstackBANK1  00A0
__pcstackCOMMON                            cstackCOMMON 0070
__pdataBANK0                               dataBANK0    0052
__pfunctab                                 functab      004B
__pidataBANK0                              idataBANK0   17F0
__pintentry                                intentry     0004
__pmaintext                                maintext     0AD7
__pstrings                                 strings      0800
__ptext1                                   text1        088C
__ptext10                                  text10       09CB
__ptext11                                  text11       0DE6
__ptext12                                  text12       0B52
__ptext13                                  text13       0A6E
__ptext14                                  text14       0927
__ptext15                                  text15       085D
__ptext16                                  text16       06AD
__ptext17                                  text17       04C5
__ptext18                                  text18       0631
__ptext19                                  text19       005A
__ptext2                                   text2        0A9E
__ptext20                                  text20       0A18
__ptext21                                  text21       0581
__ptext22                                  text22       0B94
__ptext23                                  text23       0725
__ptext24                                  text24       03BB
__ptext25                                  text25       0D2D
__ptext26                                  text26       0EB3
__ptext27                                  text27       0B12
__ptext28                                  text28       09F1
__ptext29                                  text29       086C
__ptext3                                   text3        0945
__ptext30                                  text30       0985
__ptext31                                  text31       17F4
__ptext32                                  text32       17EC
__ptext33                                  text33       0C7E
__ptext34                                  text34       0CD4
__ptext35                                  text35       0BDC
__ptext36                                  text36       08AE
__ptext37                                  text37       089C
__ptext38                                  text38       079D
__ptext39                                  text39       081F
__ptext4                                   text4        0829
__ptext40                                  text40       0964
__ptext41                                  text41       084E
__ptext42                                  text42       0841
__ptext43                                  text43       0834
__ptext44                                  text44       08EC
__ptext45                                  text45       09A7
__ptext46                                  text46       0909
__ptext47                                  text47       0F1C
__ptext48                                  text48       0E4B
__ptext49                                  text49       08C0
__ptext5                                   text5        17FA
__ptext50                                  text50       0C28
__ptext51                                  text51       08D5
__ptext6                                   text6        087C
__ptext7                                   text7        0D88
__ptext8                                   text8        0F8A
__ptext9                                   text9        0A41
__size_of_ADC_Conv_MainFunction            (abs)        0000
__size_of_ADC_Init                         (abs)        0000
__size_of_ADC_Start_Conv                   (abs)        0000
__size_of_ADC_Value_Ready_CallBack         (abs)        0000
__size_of_Average_Value                    (abs)        0000
__size_of_Display_Blink                    (abs)        0000
__size_of_Display_Init                     (abs)        0000
__size_of_Display_MainFunction             (abs)        0000
__size_of_EXTI_On_Off_CallBack             (abs)        0000
__size_of_Elements_Init                    (abs)        0000
__size_of_Elements_MainFunction            (abs)        0000
__size_of_GPIO_Init                        (abs)        0000
__size_of_Get_EEPROM_Data                  (abs)        0000
__size_of_LED_BLINKING                     (abs)        0000
__size_of_LED_MainFunction                 (abs)        0000
__size_of_Mode_Init                        (abs)        0000
__size_of_Mode_MainFunction                (abs)        0000
__size_of_On_Off_Init                      (abs)        0000
__size_of_Read_UP_DOWN_BUTTONS             (abs)        0000
__size_of_Scheduler_ActivateTask           (abs)        0000
__size_of_Scheduler_Init                   (abs)        0000
__size_of_Scheduler_Start                  (abs)        0000
__size_of_Scheduler_Task1                  (abs)        0000
__size_of_Scheduler_Task2                  (abs)        0000
__size_of_Scheduler_Task3                  (abs)        0000
__size_of_Set_EEPROM_Data                  (abs)        0000
__size_of_Start_Setting_Timer              (abs)        0000
__size_of_Temperature_Calc                 (abs)        0000
__size_of_Timer0_CallBack                  (abs)        0000
__size_of_Timer0_Init                      (abs)        0000
__size_of__Umul8_16                        (abs)        0000
__size_of___awdiv                          (abs)        0000
__size_of___awmod                          (abs)        0000
__size_of___bmul                           (abs)        0000
__size_of___flmul                          (abs)        0000
__size_of___fltol                          (abs)        0000
__size_of___lldiv                          (abs)        0000
__size_of___llmod                          (abs)        0000
__size_of___lwmod                          (abs)        0000
__size_of___wmul                           (abs)        0000
__size_of___xxtofl                         (abs)        0000
__size_of__fptable                         (abs)        0000
__size_of_delay                            (abs)        0000
__size_of_e2pext_r                         (abs)        0000
__size_of_i2c_rb                           (abs)        0000
__size_of_i2c_start                        (abs)        0000
__size_of_i2c_stop                         (abs)        0000
__size_of_i2c_wb                           (abs)        0000
__size_of_main                             (abs)        0000
__size_of_memset                           (abs)        0000
__size_of_myISR                            (abs)        0000
__size_ofi1___bmul                         (abs)        0000
__size_ofi1___lldiv                        (abs)        0000
__stringbase                               strings      0805
__stringtab                                strings      0800
_delay                                     text39       081F
_e2pext_r                                  text34       0CD4
_i2c_rb                                    text38       079D
_i2c_start                                 text37       089C
_i2c_stop                                  text36       08AE
_i2c_wb                                    text35       0BDC
_main                                      maintext     0AD7
_memset                                    text30       0985
_myISR                                     text45       09A7
_temb_val                                  bssBANK3     0190
btemp                                      (abs)        007E
clear_ram0                                 clrtext      0817
e2pext_r@addr                              cstackBANK1  00A4
e2pext_r@ah                                cstackBANK1  00A8
e2pext_r@al                                cstackBANK1  00A7
e2pext_r@ret                               cstackBANK1  00A6
end_of_initialization                      cinit        0047
fpbase                                     functab      0050
fptable                                    functab      004B
fptotal                                    (abs)        0006
i1___bmul                                  text49       08C0
i1___bmul@multiplicand                     cstackCOMMON 0070
i1___bmul@multiplier                       cstackCOMMON 0072
i1___bmul@product                          cstackCOMMON 0071
i1___lldiv                                 text48       0E4B
i1___lldiv@counter                         cstackBANK0  0024
i1___lldiv@dividend                        cstackCOMMON 0077
i1___lldiv@divisor                         cstackCOMMON 0073
i1___lldiv@quotient                        cstackBANK0  0020
i2c_rb@ack                                 cstackBANK1  00A0
i2c_rb@i                                   cstackBANK1  00A2
i2c_rb@ret                                 cstackBANK1  00A1
i2c_wb@i                                   cstackBANK1  00A3
i2c_wb@val                                 cstackBANK1  00A2
interrupt_function                         intentry     0004
intlevel0                                  functab      004B
intlevel1                                  functab      004B
intlevel2                                  functab      004B
intlevel3                                  functab      004B
intlevel4                                  functab      004B
intlevel5                                  functab      004B
memset@c                                   cstackBANK1  00A0
memset@n                                   cstackBANK1  00A2
memset@p                                   cstackBANK1  00A4
memset@p1                                  cstackBANK1  00A5
reset_vec                                  reset_vec    0000
saved_w                                    (abs)        007E
start                                      init         0012
start_initialization                       cinit        0015
wtemp0                                     (abs)        007E


FUNCTION INFORMATION:

 *************** function _main *****************
 Defined at:
		line 40 in file "main.c"
 Parameters:    Size  Location     Type
		None
 Auto vars:     Size  Location     Type
		None
 Return value:  Size  Location     Type
                  1    wreg      void 
 Registers used:
		wreg, fsr0l, fsr0h, status,2, status,0, btemp+1, pclath, cstack
 Tracked objects:
		On entry : 
		On exit  : 
		Unchanged: 
 Data sizes:     COMMON   BANK0   BANK1   BANK3   BANK2
      Params:         0       0       0       0       0
      Locals:         0       0       0       0       0
      Temps:          0       0       0       0       0
      Totals:         0       0       0       0       0
Total ram usage:        0 bytes
 Hardware stack levels required when called:   11
 This function calls:
		_ADC_Init
		_ADC_Start_Conv
		_Display_Init
		_Elements_Init
		_GPIO_Init
		_Get_EEPROM_Data
		_Mode_Init
		_On_Off_Init
		_Scheduler_Init
		_Scheduler_Start
		_Timer0_Init
 This function is called by:
		Startup code after reset
 This function uses a non-reentrant model


 *************** function _Timer0_Init *****************
 Defined at:
		line 10 in file "Timer/Timer.c"
 Parameters:    Size  Location     Type
		None
 Auto vars:     Size  Location     Type
		None
 Return value:  Size  Location     Type
                  1    wreg      void 
 Registers used:
		wreg
 Tracked objects:
		On entry : 
		On exit  : 
		Unchanged: 
 Data sizes:     COMMON   BANK0   BANK1   BANK3   BANK2
      Params:         0       0       0       0       0
      Locals:         0       0       0       0       0
      Temps:          0       0       0       0       0
      Totals:         0       0       0       0       0
Total ram usage:        0 bytes
 Hardware stack levels used:    1
 Hardware stack levels required when called:    4
 This function calls:
		Nothing
 This function is called by:
		_main
 This function uses a non-reentrant model


 *************** function _Scheduler_Start *****************
 Defined at:
		line 13 in file "Scheduler/Scheduler.c"
 Parameters:    Size  Location     Type
		None
 Auto vars:     Size  Location     Type
  IntityIndex     1   57[BANK1 ] unsigned char 
 Return value:  Size  Location     Type
                  1    wreg      void 
 Registers used:
		wreg, fsr0l, fsr0h, status,2, status,0, btemp+1, pclath, cstack
 Tracked objects:
		On entry : 
		On exit  : 
		Unchanged: 
 Data sizes:     COMMON   BANK0   BANK1   BANK3   BANK2
      Params:         0       0       0       0       0
      Locals:         0       0       1       0       0
      Temps:          0       0       0       0       0
      Totals:         0       0       1       0       0
Total ram usage:        1 bytes
 Hardware stack levels used:    1
 Hardware stack levels required when called:   10
 This function calls:
		_Scheduler_Task1
		_Scheduler_Task2
		_Scheduler_Task3
		___bmul
 This function is called by:
		_main
 This function uses a non-reentrant model


 *************** function ___bmul *****************
 Defined at:
		line 4 in file "C:\Program Files (x86)\Microchip\xc8\v2.20\pic\sources\c90\common\Umul8.c"
 Parameters:    Size  Location     Type
  multiplier      1    wreg     unsigned char 
  multiplicand    1   26[BANK0 ] unsigned char 
 Auto vars:     Size  Location     Type
  multiplier      1    1[BANK1 ] unsigned char 
  product         1    0[BANK1 ] unsigned char 
 Return value:  Size  Location     Type
                  1    wreg      unsigned char 
 Registers used:
		wreg, status,2, status,0, btemp+1
 Tracked objects:
		On entry : 
		On exit  : 
		Unchanged: 
 Data sizes:     COMMON   BANK0   BANK1   BANK3   BANK2
      Params:         0       1       0       0       0
      Locals:         0       0       2       0       0
      Temps:          0       0       0       0       0
      Totals:         0       1       2       0       0
Total ram usage:        3 bytes
 Hardware stack levels used:    1
 Hardware stack levels required when called:    4
 This function calls:
		Nothing
 This function is called by:
		_Scheduler_Start
		_Scheduler_ActivateTask
 This function uses a non-reentrant model


 *************** function _Scheduler_Task2 *****************
 Defined at:
		line 17 in file "Scheduler/Tasks.c"
 Parameters:    Size  Location     Type
		None
 Auto vars:     Size  Location     Type
		None
 Return value:  Size  Location     Type
                  1    wreg      void 
 Registers used:
		wreg, fsr0l, fsr0h, status,2, status,0, btemp+1, pclath, cstack
 Tracked objects:
		On entry : 
		On exit  : 
		Unchanged: 
 Data sizes:     COMMON   BANK0   BANK1   BANK3   BANK2
      Params:         0       0       0       0       0
      Locals:         0       0       0       0       0
      Temps:          0       0       0       0       0
      Totals:         0       0       0       0       0
Total ram usage:        0 bytes
 Hardware stack levels used:    1
 Hardware stack levels required when called:    9
 This function calls:
		_ADC_Conv_MainFunction
		_LED_MainFunction
 This function is called by:
		_Scheduler_Start
 This function uses a non-reentrant model


 *************** function _Scheduler_Task1 *****************
 Defined at:
		line 11 in file "Scheduler/Tasks.c"
 Parameters:    Size  Location     Type
		None
 Auto vars:     Size  Location     Type
		None
 Return value:  Size  Location     Type
                  1    wreg      void 
 Registers used:
		wreg, fsr0l, fsr0h, status,2, status,0, btemp+1, pclath, cstack
 Tracked objects:
		On entry : 
		On exit  : 
		Unchanged: 
 Data sizes:     COMMON   BANK0   BANK1   BANK3   BANK2
      Params:         0       0       0       0       0
      Locals:         0       0       0       0       0
      Temps:          0       0       0       0       0
      Totals:         0       0       0       0       0
Total ram usage:        0 bytes
 Hardware stack levels used:    1
 Hardware stack levels required when called:    7
 This function calls:
		_Display_MainFunction
 This function is called by:
		_Scheduler_Start
 This function uses a non-reentrant model


 *************** function _Scheduler_Task3 *****************
 Defined at:
		line 24 in file "Scheduler/Tasks.c"
 Parameters:    Size  Location     Type
		None
 Auto vars:     Size  Location     Type
		None
 Return value:  Size  Location     Type
                  1    wreg      void 
 Registers used:
		wreg, status,2, status,0, btemp+1, pclath, cstack
 Tracked objects:
		On entry : 
		On exit  : 
		Unchanged: 
 Data sizes:     COMMON   BANK0   BANK1   BANK3   BANK2
      Params:         0       0       0       0       0
      Locals:         0       0       0       0       0
      Temps:          0       0       0       0       0
      Totals:         0       0       0       0       0
Total ram usage:        0 bytes
 Hardware stack levels used:    1
 Hardware stack levels required when called:    8
 This function calls:
		_Elements_MainFunction
		_Mode_MainFunction
		_Set_EEPROM_Data
 This function is called by:
		_Scheduler_Start
 This function uses a non-reentrant model


 *************** function _Set_EEPROM_Data *****************
 Defined at:
		line 53 in file "EEPROM/EEPROM.c"
 Parameters:    Size  Location     Type
		None
 Auto vars:     Size  Location     Type
		None
 Return value:  Size  Location     Type
                  1    wreg      void 
 Registers used:
		wreg, status,2, status,0, btemp+1, pclath, cstack
 Tracked objects:
		On entry : 
		On exit  : 
		Unchanged: 
 Data sizes:     COMMON   BANK0   BANK1   BANK3   BANK2
      Params:         0       0       0       0       0
      Locals:         0       0       0       0       0
      Temps:          0       0       0       0       0
      Totals:         0       0       0       0       0
Total ram usage:        0 bytes
 Hardware stack levels used:    1
 Hardware stack levels required when called:    7
 This function calls:
		_e2pext_r
		_i2c_start
		_i2c_stop
		_i2c_wb
 This function is called by:
		_Scheduler_Task3
 This function uses a non-reentrant model


 *************** function _Mode_MainFunction *****************
 Defined at:
		line 28 in file "WaterHeater_Mode/WaterHeater_Mode.c"
 Parameters:    Size  Location     Type
		None
 Auto vars:     Size  Location     Type
		None
 Return value:  Size  Location     Type
                  1    wreg      void 
 Registers used:
		wreg, status,2, status,0, btemp+1, pclath, cstack
 Tracked objects:
		On entry : 
		On exit  : 
		Unchanged: 
 Data sizes:     COMMON   BANK0   BANK1   BANK3   BANK2
      Params:         0       0       0       0       0
      Locals:         0       0       0       0       0
      Temps:          0       0       1       0       0
      Totals:         0       0       1       0       0
Total ram usage:        1 bytes
 Hardware stack levels used:    1
 Hardware stack levels required when called:    6
 This function calls:
		_Read_UP_DOWN_BUTTONS
		_Start_Setting_Timer
 This function is called by:
		_Scheduler_Task3
 This function uses a non-reentrant model


 *************** function _Start_Setting_Timer *****************
 Defined at:
		line 54 in file "WaterHeater_Mode/WaterHeater_Mode.c"
 Parameters:    Size  Location     Type
  Timer_Ms        2    6[BANK1 ] unsigned int 
  Peroid_Task     2    8[BANK1 ] unsigned int 
 Auto vars:     Size  Location     Type
		None
 Return value:  Size  Location     Type
                  1    wreg      void 
 Registers used:
		wreg, status,2, status,0, btemp+1, pclath, cstack
 Tracked objects:
		On entry : 
		On exit  : 
		Unchanged: 
 Data sizes:     COMMON   BANK0   BANK1   BANK3   BANK2
      Params:         0       0       4       0       0
      Locals:         0       0       0       0       0
      Temps:          0       0       2       0       0
      Totals:         0       0       6       0       0
Total ram usage:        6 bytes
 Hardware stack levels used:    1
 Hardware stack levels required when called:    5
 This function calls:
		___wmul
 This function is called by:
		_Mode_MainFunction
 This function uses a non-reentrant model


 *************** function _Read_UP_DOWN_BUTTONS *****************
 Defined at:
		line 39 in file "Buttons/Buttons.c"
 Parameters:    Size  Location     Type
		None
 Auto vars:     Size  Location     Type
		None
 Return value:  Size  Location     Type
                  1    wreg      void 
 Registers used:
		wreg, status,2, status,0, btemp+1
 Tracked objects:
		On entry : 
		On exit  : 
		Unchanged: 
 Data sizes:     COMMON   BANK0   BANK1   BANK3   BANK2
      Params:         0       0       0       0       0
      Locals:         0       0       0       0       0
      Temps:          0       1       0       0       0
      Totals:         0       1       0       0       0
Total ram usage:        1 bytes
 Hardware stack levels used:    1
 Hardware stack levels required when called:    4
 This function calls:
		Nothing
 This function is called by:
		_Mode_MainFunction
 This function uses a non-reentrant model


 *************** function _Elements_MainFunction *****************
 Defined at:
		line 58 in file "Elements/Elements.c"
 Parameters:    Size  Location     Type
		None
 Auto vars:     Size  Location     Type
		None
 Return value:  Size  Location     Type
                  1    wreg      void 
 Registers used:
		wreg, status,2, status,0, btemp+1
 Tracked objects:
		On entry : 
		On exit  : 
		Unchanged: 
 Data sizes:     COMMON   BANK0   BANK1   BANK3   BANK2
      Params:         0       0       0       0       0
      Locals:         0       0       0       0       0
      Temps:          0       0       4       0       0
      Totals:         0       0       4       0       0
Total ram usage:        4 bytes
 Hardware stack levels used:    1
 Hardware stack levels required when called:    4
 This function calls:
		Nothing
 This function is called by:
		_Scheduler_Task3
 This function uses a non-reentrant model


 *************** function _LED_MainFunction *****************
 Defined at:
		line 37 in file "Elements/Elements.c"
 Parameters:    Size  Location     Type
		None
 Auto vars:     Size  Location     Type
		None
 Return value:  Size  Location     Type
                  1    wreg      void 
 Registers used:
		wreg, status,2, status,0, btemp+1, pclath, cstack
 Tracked objects:
		On entry : 
		On exit  : 
		Unchanged: 
 Data sizes:     COMMON   BANK0   BANK1   BANK3   BANK2
      Params:         0       0       0       0       0
      Locals:         0       0       0       0       0
      Temps:          0       0       0       0       0
      Totals:         0       0       0       0       0
Total ram usage:        0 bytes
 Hardware stack levels used:    1
 Hardware stack levels required when called:    6
 This function calls:
		_LED_BLINKING
 This function is called by:
		_Scheduler_Task2
 This function uses a non-reentrant model


 *************** function _LED_BLINKING *****************
 Defined at:
		line 20 in file "Elements/Elements.c"
 Parameters:    Size  Location     Type
  Time_Ms         2    6[BANK1 ] unsigned int 
  Task_Peroid     2    8[BANK1 ] unsigned int 
 Auto vars:     Size  Location     Type
		None
 Return value:  Size  Location     Type
                  1    wreg      void 
 Registers used:
		wreg, status,2, status,0, btemp+1, pclath, cstack
 Tracked objects:
		On entry : 
		On exit  : 
		Unchanged: 
 Data sizes:     COMMON   BANK0   BANK1   BANK3   BANK2
      Params:         0       0       4       0       0
      Locals:         0       0       0       0       0
      Temps:          0       0       2       0       0
      Totals:         0       0       6       0       0
Total ram usage:        6 bytes
 Hardware stack levels used:    1
 Hardware stack levels required when called:    5
 This function calls:
		___wmul
 This function is called by:
		_LED_MainFunction
 This function uses a non-reentrant model


 *************** function _ADC_Conv_MainFunction *****************
 Defined at:
		line 47 in file "ADC/ADC.c"
 Parameters:    Size  Location     Type
		None
 Auto vars:     Size  Location     Type
		None
 Return value:  Size  Location     Type
                  1    wreg      void 
 Registers used:
		wreg, fsr0l, fsr0h, status,2, status,0, btemp+1, pclath, cstack
 Tracked objects:
		On entry : 
		On exit  : 
		Unchanged: 
 Data sizes:     COMMON   BANK0   BANK1   BANK3   BANK2
      Params:         0       0       0       0       0
      Locals:         0       0       0       0       0
      Temps:          0       0       0       0       0
      Totals:         0       0       0       0       0
Total ram usage:        0 bytes
 Hardware stack levels used:    1
 Hardware stack levels required when called:    8
 This function calls:
		_ADC_Value_Ready_CallBack
 This function is called by:
		_Scheduler_Task2
 This function uses a non-reentrant model


 *************** function _ADC_Value_Ready_CallBack *****************
 Defined at:
		line 59 in file "ADC/ADC.c"
 Parameters:    Size  Location     Type
		None
 Auto vars:     Size  Location     Type
  ADC_Value       2   55[BANK1 ] unsigned int 
 Return value:  Size  Location     Type
                  1    wreg      void 
 Registers used:
		wreg, fsr0l, fsr0h, status,2, status,0, btemp+1, pclath, cstack
 Tracked objects:
		On entry : 
		On exit  : 
		Unchanged: 
 Data sizes:     COMMON   BANK0   BANK1   BANK3   BANK2
      Params:         0       0       0       0       0
      Locals:         0       0       2       0       0
      Temps:          0       0       0       0       0
      Totals:         0       0       2       0       0
Total ram usage:        2 bytes
 Hardware stack levels used:    1
 Hardware stack levels required when called:    7
 This function calls:
		_Temperature_Calc
 This function is called by:
		_ADC_Conv_MainFunction
 This function uses a non-reentrant model


 *************** function _Temperature_Calc *****************
 Defined at:
		line 14 in file "Temperature/Temperature.c"
 Parameters:    Size  Location     Type
  ADC_VALUE       1    wreg     unsigned char 
 Auto vars:     Size  Location     Type
  ADC_VALUE       1   54[BANK1 ] unsigned char 
 Return value:  Size  Location     Type
                  1    wreg      void 
 Registers used:
		wreg, fsr0l, fsr0h, status,2, status,0, btemp+1, pclath, cstack
 Tracked objects:
		On entry : 
		On exit  : 
		Unchanged: 
 Data sizes:     COMMON   BANK0   BANK1   BANK3   BANK2
      Params:         0       0       0       0       0
      Locals:         0       0       1       0       0
      Temps:          0       0       4       0       0
      Totals:         0       0       5       0       0
Total ram usage:        5 bytes
 Hardware stack levels used:    1
 Hardware stack levels required when called:    6
 This function calls:
		_Average_Value
		___flmul
		___fltol
		___lwmod
		___xxtofl
 This function is called by:
		_ADC_Value_Ready_CallBack
 This function uses a non-reentrant model


 *************** function ___xxtofl *****************
 Defined at:
		line 10 in file "C:\Program Files (x86)\Microchip\xc8\v2.20\pic\sources\c90\common\xxtofl.c"
 Parameters:    Size  Location     Type
  sign            1    wreg     unsigned char 
  val             4    0[BANK1 ] long 
 Auto vars:     Size  Location     Type
  sign            1    8[BANK1 ] unsigned char 
  arg             4   10[BANK1 ] unsigned long 
  exp             1    9[BANK1 ] unsigned char 
 Return value:  Size  Location     Type
                  4    0[BANK1 ] unsigned char 
 Registers used:
		wreg, status,2, status,0, btemp+1
 Tracked objects:
		On entry : 
		On exit  : 
		Unchanged: 
 Data sizes:     COMMON   BANK0   BANK1   BANK3   BANK2
      Params:         0       0       4       0       0
      Locals:         0       0       6       0       0
      Temps:          0       0       4       0       0
      Totals:         0       0      14       0       0
Total ram usage:       14 bytes
 Hardware stack levels used:    1
 Hardware stack levels required when called:    4
 This function calls:
		Nothing
 This function is called by:
		_Temperature_Calc
 This function uses a non-reentrant model


 *************** function ___fltol *****************
 Defined at:
		line 43 in file "C:\Program Files (x86)\Microchip\xc8\v2.20\pic\sources\c90\common\fltol.c"
 Parameters:    Size  Location     Type
  f1              4   40[BANK1 ] unsigned char 
 Auto vars:     Size  Location     Type
  exp1            1   49[BANK1 ] unsigned char 
  sign1           1   48[BANK1 ] unsigned char 
 Return value:  Size  Location     Type
                  4   40[BANK1 ] long 
 Registers used:
		wreg, status,2, status,0, btemp+1
 Tracked objects:
		On entry : 
		On exit  : 
		Unchanged: 
 Data sizes:     COMMON   BANK0   BANK1   BANK3   BANK2
      Params:         0       0       4       0       0
      Locals:         0       0       2       0       0
      Temps:          0       0       4       0       0
      Totals:         0       0      10       0       0
Total ram usage:       10 bytes
 Hardware stack levels used:    1
 Hardware stack levels required when called:    4
 This function calls:
		Nothing
 This function is called by:
		_Temperature_Calc
 This function uses a non-reentrant model


 *************** function ___flmul *****************
 Defined at:
		line 8 in file "C:\Program Files (x86)\Microchip\xc8\v2.20\pic\sources\c90\common\sprcmul.c"
 Parameters:    Size  Location     Type
  b               4   14[BANK1 ] long 
  a               4   18[BANK1 ] long 
 Auto vars:     Size  Location     Type
  prod            4   34[BANK1 ] struct .
  grs             4   29[BANK1 ] unsigned long 
  temp            2   38[BANK1 ] struct .
  bexp            1   33[BANK1 ] unsigned char 
  aexp            1   28[BANK1 ] unsigned char 
  sign            1   27[BANK1 ] unsigned char 
 Return value:  Size  Location     Type
                  4   14[BANK1 ] unsigned char 
 Registers used:
		wreg, status,2, status,0, btemp+1, pclath, cstack
 Tracked objects:
		On entry : 
		On exit  : 
		Unchanged: 
 Data sizes:     COMMON   BANK0   BANK1   BANK3   BANK2
      Params:         0       0       8       0       0
      Locals:         0       0      13       0       0
      Temps:          0       0       5       0       0
      Totals:         0       0      26       0       0
Total ram usage:       26 bytes
 Hardware stack levels used:    1
 Hardware stack levels required when called:    5
 This function calls:
		__Umul8_16
 This function is called by:
		_Temperature_Calc
 This function uses a non-reentrant model


 *************** function __Umul8_16 *****************
 Defined at:
		line 4 in file "C:\Program Files (x86)\Microchip\xc8\v2.20\pic\sources\c90\common\Umul8_16.c"
 Parameters:    Size  Location     Type
  multiplier      1    wreg     unsigned char 
  multiplicand    1    0[BANK1 ] unsigned char 
 Auto vars:     Size  Location     Type
  multiplier      1    8[BANK1 ] unsigned char 
  word_mpld       2    6[BANK1 ] unsigned int 
  product         2    4[BANK1 ] unsigned int 
 Return value:  Size  Location     Type
                  2    0[BANK1 ] unsigned int 
 Registers used:
		wreg, status,2, status,0
 Tracked objects:
		On entry : 
		On exit  : 
		Unchanged: 
 Data sizes:     COMMON   BANK0   BANK1   BANK3   BANK2
      Params:         0       0       2       0       0
      Locals:         0       0       5       0       0
      Temps:          0       0       2       0       0
      Totals:         0       0       9       0       0
Total ram usage:        9 bytes
 Hardware stack levels used:    1
 Hardware stack levels required when called:    4
 This function calls:
		Nothing
 This function is called by:
		___flmul
 This function uses a non-reentrant model


 *************** function _Average_Value *****************
 Defined at:
		line 12 in file "Average/Average.c"
 Parameters:    Size  Location     Type
  Value           1    wreg     unsigned char 
  Avrage_Value    1   13[BANK1 ] PTR unsigned char 
		 -> Temperature(5), 
 Auto vars:     Size  Location     Type
  Value           1   19[BANK1 ] unsigned char 
  index           1   20[BANK1 ] unsigned char 
 Return value:  Size  Location     Type
                  1    wreg      void 
 Registers used:
		wreg, fsr0l, fsr0h, status,2, status,0, btemp+1, pclath, cstack
 Tracked objects:
		On entry : 
		On exit  : 
		Unchanged: 
 Data sizes:     COMMON   BANK0   BANK1   BANK3   BANK2
      Params:         0       0       1       0       0
      Locals:         0       0       2       0       0
      Temps:          0       0       5       0       0
      Totals:         0       0       8       0       0
Total ram usage:        8 bytes
 Hardware stack levels used:    1
 Hardware stack levels required when called:    5
 This function calls:
		___lldiv
		___lwmod
 This function is called by:
		_Temperature_Calc
 This function uses a non-reentrant model


 *************** function ___lwmod *****************
 Defined at:
		line 5 in file "C:\Program Files (x86)\Microchip\xc8\v2.20\pic\sources\c90\common\lwmod.c"
 Parameters:    Size  Location     Type
  divisor         2    0[BANK1 ] unsigned int 
  dividend        2    2[BANK1 ] unsigned int 
 Auto vars:     Size  Location     Type
  counter         1   26[BANK0 ] unsigned char 
 Return value:  Size  Location     Type
                  2    0[BANK1 ] unsigned int 
 Registers used:
		wreg, status,2, status,0, btemp+1
 Tracked objects:
		On entry : 
		On exit  : 
		Unchanged: 
 Data sizes:     COMMON   BANK0   BANK1   BANK3   BANK2
      Params:         0       0       4       0       0
      Locals:         0       1       0       0       0
      Temps:          0       0       0       0       0
      Totals:         0       1       4       0       0
Total ram usage:        5 bytes
 Hardware stack levels used:    1
 Hardware stack levels required when called:    4
 This function calls:
		Nothing
 This function is called by:
		_Average_Value
		_Temperature_Calc
 This function uses a non-reentrant model


 *************** function ___lldiv *****************
 Defined at:
		line 5 in file "C:\Program Files (x86)\Microchip\xc8\v2.20\pic\sources\c90\common\__lldiv.c"
 Parameters:    Size  Location     Type
  divisor         4    0[BANK1 ] unsigned long 
  dividend        4    4[BANK1 ] unsigned long 
 Auto vars:     Size  Location     Type
  quotient        4    8[BANK1 ] unsigned long 
  counter         1   12[BANK1 ] unsigned char 
 Return value:  Size  Location     Type
                  4    0[BANK1 ] unsigned long 
 Registers used:
		wreg, status,2, status,0, btemp+1
 Tracked objects:
		On entry : 
		On exit  : 
		Unchanged: 
 Data sizes:     COMMON   BANK0   BANK1   BANK3   BANK2
      Params:         0       0       8       0       0
      Locals:         0       0       5       0       0
      Temps:          0       1       0       0       0
      Totals:         0       1      13       0       0
Total ram usage:       14 bytes
 Hardware stack levels used:    1
 Hardware stack levels required when called:    4
 This function calls:
		Nothing
 This function is called by:
		_Average_Value
 This function uses a non-reentrant model


 *************** function _Display_MainFunction *****************
 Defined at:
		line 24 in file "Display/Display.c"
 Parameters:    Size  Location     Type
		None
 Auto vars:     Size  Location     Type
		None
 Return value:  Size  Location     Type
                  1    wreg      void 
 Registers used:
		wreg, fsr0l, fsr0h, status,2, status,0, btemp+1, pclath, cstack
 Tracked objects:
		On entry : 
		On exit  : 
		Unchanged: 
 Data sizes:     COMMON   BANK0   BANK1   BANK3   BANK2
      Params:         0       0       0       0       0
      Locals:         0       0       0       0       0
      Temps:          0       0       2       0       0
      Totals:         0       0       2       0       0
Total ram usage:        2 bytes
 Hardware stack levels used:    1
 Hardware stack levels required when called:    6
 This function calls:
		_Display_Blink
		___awdiv
		___awmod
 This function is called by:
		_Scheduler_Task1
 This function uses a non-reentrant model


 *************** function ___awmod *****************
 Defined at:
		line 5 in file "C:\Program Files (x86)\Microchip\xc8\v2.20\pic\sources\c90\common\awmod.c"
 Parameters:    Size  Location     Type
  divisor         2    0[BANK1 ] int 
  dividend        2    2[BANK1 ] int 
 Auto vars:     Size  Location     Type
  sign            1    5[BANK1 ] unsigned char 
  counter         1    4[BANK1 ] unsigned char 
 Return value:  Size  Location     Type
                  2    0[BANK1 ] int 
 Registers used:
		wreg, status,2, status,0, btemp+1
 Tracked objects:
		On entry : 
		On exit  : 
		Unchanged: 
 Data sizes:     COMMON   BANK0   BANK1   BANK3   BANK2
      Params:         0       0       4       0       0
      Locals:         0       0       2       0       0
      Temps:          0       0       0       0       0
      Totals:         0       0       6       0       0
Total ram usage:        6 bytes
 Hardware stack levels used:    1
 Hardware stack levels required when called:    4
 This function calls:
		Nothing
 This function is called by:
		_Display_MainFunction
 This function uses a non-reentrant model


 *************** function ___awdiv *****************
 Defined at:
		line 5 in file "C:\Program Files (x86)\Microchip\xc8\v2.20\pic\sources\c90\common\awdiv.c"
 Parameters:    Size  Location     Type
  divisor         2    0[BANK1 ] int 
  dividend        2    2[BANK1 ] int 
 Auto vars:     Size  Location     Type
  quotient        2    6[BANK1 ] int 
  sign            1    5[BANK1 ] unsigned char 
  counter         1    4[BANK1 ] unsigned char 
 Return value:  Size  Location     Type
                  2    0[BANK1 ] int 
 Registers used:
		wreg, status,2, status,0, btemp+1
 Tracked objects:
		On entry : 
		On exit  : 
		Unchanged: 
 Data sizes:     COMMON   BANK0   BANK1   BANK3   BANK2
      Params:         0       0       4       0       0
      Locals:         0       0       4       0       0
      Temps:          0       0       0       0       0
      Totals:         0       0       8       0       0
Total ram usage:        8 bytes
 Hardware stack levels used:    1
 Hardware stack levels required when called:    4
 This function calls:
		Nothing
 This function is called by:
		_Display_MainFunction
 This function uses a non-reentrant model


 *************** function _Display_Blink *****************
 Defined at:
		line 128 in file "Display/Display.c"
 Parameters:    Size  Location     Type
  Times_Ms        2    6[BANK1 ] unsigned int 
  Task_Peroid     2    8[BANK1 ] unsigned int 
 Auto vars:     Size  Location     Type
		None
 Return value:  Size  Location     Type
                  1    wreg      void 
 Registers used:
		wreg, status,2, status,0, btemp+1, pclath, cstack
 Tracked objects:
		On entry : 
		On exit  : 
		Unchanged: 
 Data sizes:     COMMON   BANK0   BANK1   BANK3   BANK2
      Params:         0       0       4       0       0
      Locals:         0       0       0       0       0
[...]
 Tracked objects:
		On entry : 
		On exit  : 
		Unchanged: 
 Data sizes:     COMMON   BANK0   BANK1   BANK3   BANK2
      Params:         0       0       0       0       0
      Locals:         0       0       0       0       0
      Temps:          0       0       0       0       0
      Totals:         0       0       0       0       0
Total ram usage:        0 bytes
 Hardware stack levels used:    1
 Hardware stack levels required when called:    5
 This function calls:
		_delay
 This function is called by:
		_Set_EEPROM_Data
		_e2pext_r
		_e2pext_w
 This function uses a non-reentrant model


 *************** function _i2c_rb *****************
 Defined at:
		line 61 in file "I2C/I2C.c"
 Parameters:    Size  Location     Type
  ack             1    wreg     unsigned char 
 Auto vars:     Size  Location     Type
  ack             1    0[BANK1 ] unsigned char 
  i               1    2[BANK1 ] unsigned char 
  ret             1    1[BANK1 ] unsigned char 
 Return value:  Size  Location     Type
                  1    wreg      unsigned char 
 Registers used:
		wreg, status,2, status,0, btemp+1, pclath, cstack
 Tracked objects:
		On entry : 
		On exit  : 
		Unchanged: 
 Data sizes:     COMMON   BANK0   BANK1   BANK3   BANK2
      Params:         0       0       0       0       0
      Locals:         0       0       3       0       0
      Temps:          0       1       0       0       0
      Totals:         0       1       3       0       0
Total ram usage:        4 bytes
 Hardware stack levels used:    1
 Hardware stack levels required when called:    5
 This function calls:
		_delay
 This function is called by:
		_e2pext_r
 This function uses a non-reentrant model


 *************** function _delay *****************
 Defined at:
		line 4 in file "I2C/I2C.c"
 Parameters:    Size  Location     Type
		None
 Auto vars:     Size  Location     Type
		None
 Return value:  Size  Location     Type
                  1    wreg      void 
 Registers used:
		None
 Tracked objects:
		On entry : 
		On exit  : 
		Unchanged: 
 Data sizes:     COMMON   BANK0   BANK1   BANK3   BANK2
      Params:         0       0       0       0       0
      Locals:         0       0       0       0       0
      Temps:          0       0       0       0       0
      Totals:         0       0       0       0       0
Total ram usage:        0 bytes
 Hardware stack levels used:    1
 Hardware stack levels required when called:    4
 This function calls:
		Nothing
 This function is called by:
		_i2c_start
		_i2c_stop
		_i2c_wb
		_i2c_rb
 This function uses a non-reentrant model


 *************** function _GPIO_Init *****************
 Defined at:
		line 12 in file "gpio/gpio.c"
 Parameters:    Size  Location     Type
		None
 Auto vars:     Size  Location     Type
		None
 Return value:  Size  Location     Type
                  1    wreg      void 
 Registers used:
		wreg, status,2, status,0, btemp+1
 Tracked objects:
		On entry : 
		On exit  : 
		Unchanged: 
 Data sizes:     COMMON   BANK0   BANK1   BANK3   BANK2
      Params:         0       0       0       0       0
      Locals:         0       0       0       0       0
      Temps:          0       0       0       0       0
      Totals:         0       0       0       0       0
Total ram usage:        0 bytes
 Hardware stack levels used:    1
 Hardware stack levels required when called:    4
 This function calls:
		Nothing
 This function is called by:
		_main
 This function uses a non-reentrant model


 *************** function _Elements_Init *****************
 Defined at:
		line 11 in file "Elements/Elements.c"
 Parameters:    Size  Location     Type
		None
 Auto vars:     Size  Location     Type
		None
 Return value:  Size  Location     Type
                  1    wreg      void 
 Registers used:
		wreg, status,2, status,0, btemp+1
 Tracked objects:
		On entry : 
		On exit  : 
		Unchanged: 
 Data sizes:     COMMON   BANK0   BANK1   BANK3   BANK2
      Params:         0       0       0       0       0
      Locals:         0       0       0       0       0
      Temps:          0       0       0       0       0
      Totals:         0       0       0       0       0
Total ram usage:        0 bytes
 Hardware stack levels used:    1
 Hardware stack levels required when called:    4
 This function calls:
		Nothing
 This function is called by:
		_main
 This function uses a non-reentrant model


 *************** function _Display_Init *****************
 Defined at:
		line 15 in file "Display/Display.c"
 Parameters:    Size  Location     Type
		None
 Auto vars:     Size  Location     Type
		None
 Return value:  Size  Location     Type
                  1    wreg      void 
 Registers used:
		wreg, status,2, status,0, btemp+1
 Tracked objects:
		On entry : 
		On exit  : 
		Unchanged: 
 Data sizes:     COMMON   BANK0   BANK1   BANK3   BANK2
      Params:         0       0       0       0       0
      Locals:         0       0       0       0       0
      Temps:          0       0       0       0       0
      Totals:         0       0       0       0       0
Total ram usage:        0 bytes
 Hardware stack levels used:    1
 Hardware stack levels required when called:    4
 This function calls:
		Nothing
 This function is called by:
		_main
 This function uses a non-reentrant model


 *************** function _ADC_Start_Conv *****************
 Defined at:
		line 38 in file "ADC/ADC.c"
 Parameters:    Size  Location     Type
		None
 Auto vars:     Size  Location     Type
		None
 Return value:  Size  Location     Type
                  1    wreg      void 
 Registers used:
		None
 Tracked objects:
		On entry : 
		On exit  : 
		Unchanged: 
 Data sizes:     COMMON   BANK0   BANK1   BANK3   BANK2
      Params:         0       0       0       0       0
      Locals:         0       0       0       0       0
      Temps:          0       0       0       0       0
      Totals:         0       0       0       0       0
Total ram usage:        0 bytes
 Hardware stack levels used:    1
 Hardware stack levels required when called:    4
 This function calls:
		Nothing
 This function is called by:
		_main
 This function uses a non-reentrant model


 *************** function _ADC_Init *****************
 Defined at:
		line 13 in file "ADC/ADC.c"
 Parameters:    Size  Location     Type
		None
 Auto vars:     Size  Location     Type
		None
 Return value:  Size  Location     Type
                  1    wreg      void 
 Registers used:
		None
 Tracked objects:
		On entry : 
		On exit  : 
		Unchanged: 
 Data sizes:     COMMON   BANK0   BANK1   BANK3   BANK2
      Params:         0       0       0       0       0
      Locals:         0       0       0       0       0
      Temps:          0       0       0       0       0
      Totals:         0       0       0       0       0
Total ram usage:        0 bytes
 Hardware stack levels used:    1
 Hardware stack levels required when called:    4
 This function calls:
		Nothing
 This function is called by:
		_main
 This function uses a non-reentrant model


 *************** function _myISR *****************
 Defined at:
		line 11 in file "Interrupt/Interrupt.c"
 Parameters:    Size  Location     Type
		None
 Auto vars:     Size  Location     Type
		None
 Return value:  Size  Location     Type
                  1    wreg      void 
 Registers used:
		wreg, fsr0l, fsr0h, status,2, status,0, btemp+1, pclath, cstack
 Tracked objects:
		On entry : 
		On exit  : 
		Unchanged: 
 Data sizes:     COMMON   BANK0   BANK1   BANK3   BANK2
      Params:         0       0       0       0       0
      Locals:         0       0       0       0       0
      Temps:          0       4       0       0       0
      Totals:         0       4       0       0       0
Total ram usage:        4 bytes
 Hardware stack levels used:    1
 Hardware stack levels required when called:    3
 This function calls:
		_EXTI_On_Off_CallBack
		_Timer0_CallBack
 This function is called by:
		Interrupt level 1
 This function uses a non-reentrant model


 *************** function _Timer0_CallBack *****************
 Defined at:
		line 31 in file "Timer/Timer.c"
 Parameters:    Size  Location     Type
		None
 Auto vars:     Size  Location     Type
		None
 Return value:  Size  Location     Type
                  1    wreg      void 
 Registers used:
		wreg, fsr0l, fsr0h, status,2, status,0, btemp+1, pclath, cstack
 Tracked objects:
		On entry : 
		On exit  : 
		Unchanged: 
 Data sizes:     COMMON   BANK0   BANK1   BANK3   BANK2
      Params:         0       0       0       0       0
      Locals:         0       0       0       0       0
      Temps:          0       0       0       0       0
      Totals:         0       0       0       0       0
Total ram usage:        0 bytes
 Hardware stack levels used:    1
 Hardware stack levels required when called:    2
 This function calls:
		_Scheduler_ActivateTask
 This function is called by:
		_myISR
 This function uses a non-reentrant model


 *************** function _Scheduler_ActivateTask *****************
 Defined at:
		line 35 in file "Scheduler/Scheduler.c"
 Parameters:    Size  Location     Type
  SystemTick      4   13[BANK0 ] unsigned long 
 Auto vars:     Size  Location     Type
  IntityIndex     1   21[BANK0 ] unsigned char 
  SystemTick_L    4   17[BANK0 ] unsigned long 
 Return value:  Size  Location     Type
                  1    wreg      void 
 Registers used:
		wreg, fsr0l, fsr0h, status,2, status,0, btemp+1, pclath, cstack
 Tracked objects:
		On entry : 
		On exit  : 
		Unchanged: 
 Data sizes:     COMMON   BANK0   BANK1   BANK3   BANK2
      Params:         0       4       0       0       0
      Locals:         0       5       0       0       0
      Temps:          0       0       0       0       0
      Totals:         0       9       0       0       0
Total ram usage:        9 bytes
 Hardware stack levels used:    1
 Hardware stack levels required when called:    1
 This function calls:
		___llmod
		i1___bmul
		i1___lldiv
 This function is called by:
		_Timer0_CallBack
 This function uses a non-reentrant model


 *************** function i1___lldiv *****************
 Defined at:
		line 5 in file "C:\Program Files (x86)\Microchip\xc8\v2.20\pic\sources\c90\common\__lldiv.c"
 Parameters:    Size  Location     Type
  divisor         4    3[COMMON] unsigned long 
  dividend        4    7[COMMON] unsigned long 
 Auto vars:     Size  Location     Type
  quotient        4    0[BANK0 ] unsigned long 
  counter         1    4[BANK0 ] unsigned char 
 Return value:  Size  Location     Type
                  4    3[COMMON] unsigned long 
 Registers used:
		wreg, status,2, status,0, btemp+1
 Tracked objects:
		On entry : 
		On exit  : 
		Unchanged: 
 Data sizes:     COMMON   BANK0   BANK1   BANK3   BANK2
      Params:         8       0       0       0       0
      Locals:         0       5       0       0       0
      Temps:          1       0       0       0       0
      Totals:         9       5       0       0       0
Total ram usage:       14 bytes
 Hardware stack levels used:    1
 This function calls:
		Nothing
 This function is called by:
		_Scheduler_ActivateTask
 This function uses a non-reentrant model


 *************** function i1___bmul *****************
 Defined at:
		line 4 in file "C:\Program Files (x86)\Microchip\xc8\v2.20\pic\sources\c90\common\Umul8.c"
 Parameters:    Size  Location     Type
  multiplier      1    wreg     unsigned char 
  multiplicand    1    0[COMMON] unsigned char 
 Auto vars:     Size  Location     Type
  multiplier      1    2[COMMON] unsigned char 
  product         1    1[COMMON] unsigned char 
 Return value:  Size  Location     Type
                  1    wreg      unsigned char 
 Registers used:
		wreg, status,2, status,0, btemp+1
 Tracked objects:
		On entry : 
		On exit  : 
		Unchanged: 
 Data sizes:     COMMON   BANK0   BANK1   BANK3   BANK2
      Params:         1       0       0       0       0
      Locals:         2       0       0       0       0
      Temps:          0       0       0       0       0
      Totals:         3       0       0       0       0
Total ram usage:        3 bytes
 Hardware stack levels used:    1
 This function calls:
		Nothing
 This function is called by:
		_Scheduler_ActivateTask
 This function uses a non-reentrant model


 *************** function ___llmod *****************
 Defined at:
		line 5 in file "C:\Program Files (x86)\Microchip\xc8\v2.20\pic\sources\c90\common\llmod.c"
 Parameters:    Size  Location     Type
  divisor         4    5[BANK0 ] unsigned long 
  dividend        4    9[BANK0 ] unsigned long 
 Auto vars:     Size  Location     Type
  counter         1   13[COMMON] unsigned char 
 Return value:  Size  Location     Type
                  4    5[BANK0 ] unsigned long 
 Registers used:
		wreg, status,2, status,0, btemp+1
 Tracked objects:
		On entry : 
		On exit  : 
		Unchanged: 
 Data sizes:     COMMON   BANK0   BANK1   BANK3   BANK2
      Params:         0       8       0       0       0
      Locals:         1       0       0       0       0
      Temps:          1       0       0       0       0
      Totals:         2       8       0       0       0
Total ram usage:       10 bytes
 Hardware stack levels used:    1
 This function calls:
		Nothing
 This function is called by:
		_Scheduler_ActivateTask
 This function uses a non-reentrant model


 *************** function _EXTI_On_Off_CallBack *****************
 Defined at:
		line 23 in file "Buttons/Buttons.c"
 Parameters:    Size  Location     Type
		None
 Auto vars:     Size  Location     Type
		None
 Return value:  Size  Location     Type
                  1    wreg      void 
 Registers used:
		wreg, status,2, status,0
 Tracked objects:
		On entry : 
		On exit  : 
		Unchanged: 
 Data sizes:     COMMON   BANK0   BANK1   BANK3   BANK2
      Params:         0       0       0       0       0
      Locals:         0       0       0       0       0
      Temps:          0       0       0       0       0
      Totals:         0       0       0       0       0
Total ram usage:        0 bytes
 Hardware stack levels used:    1
 This function calls:
		Nothing
 This function is called by:
		_myISR
 This function uses a non-reentrant model



MODULE INFORMATION

Module		Function		Class		Link	Load	Size
Average/Average.c
		_Average_Value 		CODE           	0581	0000	177

Average/Average.c estimated size: 177

C:\Program Files (x86)\Microchip\xc8\v2.20\pic\sources\c90\common\Umul8_16.c
		__Umul8_16     		CODE           	0A18	0000	42

C:\Program Files (x86)\Microchip\xc8\v2.20\pic\sources\c90\common\Umul8_16.c estimated size: 42

Scheduler/Scheduler.c
		_Scheduler_ActivateTask		CODE           	0F1C	0000	111
		_Scheduler_Init		CODE           	086C	0000	17
		_Scheduler_Start		CODE           	0A9E	0000	58

Scheduler/Scheduler.c estimated size: 186

EEPROM/EEPROM.c
		_Get_EEPROM_Data		CODE           	0C7E	0000	87
		_Set_EEPROM_Data		CODE           	0D88	0000	95
		_e2pext_r      		CODE           	0CD4	0000	90

EEPROM/EEPROM.c estimated size: 272

C:\Program Files (x86)\Microchip\xc8\v2.20\pic\sources\c90\common\lwmod.c
		___lwmod       		CODE           	0B94	0000	73

C:\Program Files (x86)\Microchip\xc8\v2.20\pic\sources\c90\common\lwmod.c estimated size: 73

ADC/ADC.c
		_ADC_Conv_MainFunction		CODE           	0927	0000	31
		_ADC_Value_Ready_CallBack		CODE           	085D	0000	16
		_ADC_Start_Conv		CODE           	0834	0000	14
		_ADC_Init      		CODE           	08EC	0000	30

ADC/ADC.c estimated size: 91

C:\Program Files (x86)\Microchip\xc8\v2.20\pic\sources\c90\common\awmod.c
		___awmod       		CODE           	0D2D	0000	92

C:\Program Files (x86)\Microchip\xc8\v2.20\pic\sources\c90\common\awmod.c estimated size: 92

I2C/I2C.c
		_i2c_rb        		CODE           	079D	0000	97
		_delay         		CODE           	081F	0000	11
		_i2c_start     		CODE           	089C	0000	19
		_i2c_stop      		CODE           	08AE	0000	19
		_i2c_wb        		CODE           	0BDC	0000	77

I2C/I2C.c estimated size: 223

Display/Display.c
		_Display_MainFunction		CODE           	03BB	0000	267
		_Display_Init  		CODE           	0841	0000	14
		_Display_Blink 		CODE           	0B12	0000	65

Display/Display.c estimated size: 346

C:\Program Files (x86)\Microchip\xc8\v2.20\pic\sources\c90\common\llmod.c
		___llmod       		CODE           	0C28	0000	87

C:\Program Files (x86)\Microchip\xc8\v2.20\pic\sources\c90\common\llmod.c estimated size: 87

WaterHeater_Mode/WaterHeater_Mode.c
		_Mode_MainFunction		CODE           	0F8A	0000	119
		_Mode_Init     		CODE           	17EC	0000	5
		_Start_Setting_Timer		CODE           	0A41	0000	46

WaterHeater_Mode/WaterHeater_Mode.c estimated size: 170

Elements/Elements.c
		_Elements_Init 		CODE           	084E	0000	16
		_LED_BLINKING  		CODE           	0A6E	0000	49
		_LED_MainFunction		CODE           	0B52	0000	67
		_Elements_MainFunction		CODE           	0DE6	0000	102

Elements/Elements.c estimated size: 234

gpio/gpio.c
		_GPIO_Init     		CODE           	0964	0000	34

gpio/gpio.c estimated size: 34

C:\Program Files (x86)\Microchip\xc8\v2.20\pic\sources\c90\common\xxtofl.c
		___xxtofl      		CODE           	04C5	0000	189

C:\Program Files (x86)\Microchip\xc8\v2.20\pic\sources\c90\common\xxtofl.c estimated size: 189

shared
		__stringtab    		STRING         	0800	0000	7
		_Scheduler_Intitys		STRING         	0806	0000	16
		i1___lldiv     		CODE           	0E4B	0000	105
		__initialization		CODE           	0015	0000	51
		__fptable      		ENTRY          	004B	0000	16
		i1___bmul      		CODE           	08C0	0000	22

shared estimated size: 217

C:\Program Files (x86)\Microchip\xc8\v2.20\pic\sources\c90\common\sprcmul.c
		___flmul       		CODE           	005A	0000	866

C:\Program Files (x86)\Microchip\xc8\v2.20\pic\sources\c90\common\sprcmul.c estimated size: 866

C:\Program Files (x86)\Microchip\xc8\v2.20\pic\sources\c90\common\memset.c
		_memset        		CODE           	0985	0000	35

C:\Program Files (x86)\Microchip\xc8\v2.20\pic\sources\c90\common\memset.c estimated size: 35

C:\Program Files (x86)\Microchip\xc8\v2.20\pic\sources\c90\common\__lldiv.c
		___lldiv       		CODE           	0725	0000	121

C:\Program Files (x86)\Microchip\xc8\v2.20\pic\sources\c90\common\__lldiv.c estimated size: 121

Scheduler/Tasks.c
		_Scheduler_Task1		CODE           	17FA	0000	7
		_Scheduler_Task2		CODE           	0829	0000	12
		_Scheduler_Task3		CODE           	087C	0000	17

Scheduler/Tasks.c estimated size: 36

C:\Program Files (x86)\Microchip\xc8\v2.20\pic\sources\c90\common\awdiv.c
		___awdiv       		CODE           	0EB3	0000	106

C:\Program Files (x86)\Microchip\xc8\v2.20\pic\sources\c90\common\awdiv.c estimated size: 106

Interrupt/Interrupt.c
		_myISR         		CODE           	09A7	0000	37

Interrupt/Interrupt.c estimated size: 37

C:\Program Files (x86)\Microchip\xc8\v2.20\pic\sources\c90\common\fltol.c
		___fltol       		CODE           	0631	0000	125

C:\Program Files (x86)\Microchip\xc8\v2.20\pic\sources\c90\common\fltol.c estimated size: 125

C:\Program Files (x86)\Microchip\xc8\v2.20\pic\sources\c90\common\Umul8.c
		___bmul        		CODE           	0945	0000	32

C:\Program Files (x86)\Microchip\xc8\v2.20\pic\sources\c90\common\Umul8.c estimated size: 32

Buttons/Buttons.c
		_EXTI_On_Off_CallBack		CODE           	08D5	0000	24
		_On_Off_Init   		CODE           	17F4	0000	7
		_Read_UP_DOWN_BUTTONS		CODE           	09CB	0000	39

Buttons/Buttons.c estimated size: 70

Temperature/Temperature.c
		_Temperature_Calc		CODE           	06AD	0000	121

Temperature/Temperature.c estimated size: 121

main.c
		_main          		CODE           	0AD7	0000	60

main.c estimated size: 60

Timer/Timer.c
		_Timer0_Init   		CODE           	088C	0000	17
		_Timer0_CallBack		CODE           	0909	0000	31

Timer/Timer.c estimated size: 48

C:\Program Files (x86)\Microchip\xc8\v2.20\pic\sources\c90\common\Umul16.c
		___wmul        		CODE           	09F1	0000	40

C:\Program Files (x86)\Microchip\xc8\v2.20\pic\sources\c90\common\Umul16.c estimated size: 40

